Archive member included to satisfy reference by file (symbol)

C:/devkitPro/libogc/lib/cube\libmodplay.a(gcmodplay.o)
                              tetris.o (MODPlay_Init)
C:/devkitPro/libogc/lib/cube\libmodplay.a(modplay.o)
                              C:/devkitPro/libogc/lib/cube\libmodplay.a(gcmodplay.o) (MOD_AllocSFXChannels)
C:/devkitPro/libogc/lib/cube\libmodplay.a(freqtab.o)
                              C:/devkitPro/libogc/lib/cube\libmodplay.a(modplay.o) (freqtab)
C:/devkitPro/libogc/lib/cube\libmodplay.a(mixer.o)
                              C:/devkitPro/libogc/lib/cube\libmodplay.a(modplay.o) (mix_mono_16bit)
C:/devkitPro/libogc/lib/cube\libaesnd.a(aesndlib.o)
                              tetris.o (AESND_Init)
C:/devkitPro/libogc/lib/cube\libogc.a(lwp.o)
                              C:/devkitPro/libogc/lib/cube\libmodplay.a(gcmodplay.o) (LWP_CreateThread)
C:/devkitPro/libogc/lib/cube\libogc.a(lwp_objmgr.o)
                              C:/devkitPro/libogc/lib/cube\libogc.a(lwp.o) (__lwp_objmgr_initinfo)
C:/devkitPro/libogc/lib/cube\libogc.a(lwp_heap.o)
                              C:/devkitPro/libogc/lib/cube\libogc.a(lwp_objmgr.o) (__lwp_heap_allocate)
C:/devkitPro/libogc/lib/cube\libogc.a(sys_state.o)
                              C:/devkitPro/libogc/lib/cube\libogc.a(lwp_heap.o) (_sys_state_curr)
C:/devkitPro/libogc/lib/cube\libogc.a(video.o)
                              tetris.o (VIDEO_Init)
C:/devkitPro/libogc/lib/cube\libogc.a(pad.o)
                              tetris.o (PAD_Init)
C:/devkitPro/libogc/lib/cube\libogc.a(arqueue.o)
                              C:/devkitPro/libogc/lib/cube\libaesnd.a(aesndlib.o) (ARQ_Init)
C:/devkitPro/libogc/lib/cube\libogc.a(cache_asm.o)
                              C:/devkitPro/libogc/lib/cube\libaesnd.a(aesndlib.o) (DCInvalidateRange)
C:/devkitPro/libogc/lib/cube\libogc.a(system.o)
                              C:/devkitPro/libogc/lib/cube\libogc.a(video.o) (__SYS_LockSram)
C:/devkitPro/libogc/lib/cube\libogc.a(system_asm.o)
                              C:/devkitPro/libogc/lib/cube\libogc.a(system.o) (__reset)
C:/devkitPro/libogc/lib/cube\libogc.a(cond.o)
                              C:/devkitPro/libogc/lib/cube\libogc.a(system.o) (__lwp_cond_init)
C:/devkitPro/libogc/lib/cube\libogc.a(gx.o)
                              tetris.o (GX_DrawDone)
C:/devkitPro/libogc/lib/cube\libogc.a(gu.o)
                              tetris.o (guPerspective)
C:/devkitPro/libogc/lib/cube\libogc.a(gu_psasm.o)
                              tetris.o (ps_guMtxConcat)
C:/devkitPro/libogc/lib/cube\libogc.a(audio.o)
                              C:/devkitPro/libogc/lib/cube\libaesnd.a(aesndlib.o) (AUDIO_Init)
C:/devkitPro/libogc/lib/cube\libogc.a(decrementer.o)
                              C:/devkitPro/libogc/lib/cube\libogc.a(system.o) (__decrementer_init)
C:/devkitPro/libogc/lib/cube\libogc.a(message.o)
                              C:/devkitPro/libogc/lib/cube\libogc.a(system.o) (__lwp_mqbox_init)
C:/devkitPro/libogc/lib/cube\libogc.a(aram.o)
                              C:/devkitPro/libogc/lib/cube\libogc.a(arqueue.o) (AR_RegisterCallback)
C:/devkitPro/libogc/lib/cube\libogc.a(dsp.o)
                              C:/devkitPro/libogc/lib/cube\libaesnd.a(aesndlib.o) (DSP_Init)
C:/devkitPro/libogc/lib/cube\libogc.a(si.o)
                              C:/devkitPro/libogc/lib/cube\libogc.a(pad.o) (SI_Busy)
C:/devkitPro/libogc/lib/cube\libogc.a(ogc_crt0.o)
                              (_start)
C:/devkitPro/libogc/lib/cube\libogc.a(timesupp.o)
                              C:/devkitPro/libogc/lib/cube\libogc.a(system.o) (gettick)
C:/devkitPro/libogc/lib/cube\libogc.a(lock_supp.o)
                              C:/devkitPro/libogc/lib/cube\libogc.a(system.o) (__libogc_lock_init)
C:/devkitPro/libogc/lib/cube\libogc.a(newlibc.o)
                              C:/devkitPro/libogc/lib/cube\libogc.a(system.o) (__libc_init)
C:/devkitPro/libogc/lib/cube\libogc.a(sbrk.o)
                              C:/devkitPro/libogc/lib/cube\libogc.a(system.o) (__libogc_sbrk_r)
C:/devkitPro/libogc/lib/cube\libogc.a(malloc_lock.o)
                              C:/devkitPro/libogc/lib/cube\libogc.a(system.o) (__memlock_init)
C:/devkitPro/libogc/lib/cube\libogc.a(argv.o)
                              C:/devkitPro/libogc/lib/cube\libogc.a(ogc_crt0.o) (__CheckARGV)
C:/devkitPro/libogc/lib/cube\libogc.a(lwp_priority.o)
                              C:/devkitPro/libogc/lib/cube\libogc.a(system.o) (__lwp_priority_init)
C:/devkitPro/libogc/lib/cube\libogc.a(lwp_queue.o)
                              C:/devkitPro/libogc/lib/cube\libogc.a(lwp_objmgr.o) (__lwp_queue_initialize)
C:/devkitPro/libogc/lib/cube\libogc.a(lwp_threadq.o)
                              C:/devkitPro/libogc/lib/cube\libogc.a(lwp.o) (__lwp_threadqueue_init)
C:/devkitPro/libogc/lib/cube\libogc.a(lwp_threads.o)
                              C:/devkitPro/libogc/lib/cube\libogc.a(lwp.o) (_thr_executing)
[...]
Memory Configuration

Name             Origin             Length             Attributes
*default*        0x00000000         0xffffffff

Linker script and memory map

                0x80003100                . = 0x80003100

.init           0x80003100      0x194
 *crt0.o(*.init)
 .init          0x80003100      0x170 C:/devkitPro/libogc/lib/cube\libogc.a(ogc_crt0.o)
                0x80003100                _start
                0x80003240                _memset
 *(.init)
 .init          0x80003270        0xc c:/devkitpro/devkitppc/bin/../lib/gcc/powerpc-eabi/6.3.0/ecrti.o
                0x80003270                __init
 .init          0x8000327c        0x4 c:/devkitpro/devkitppc/bin/../lib/gcc/powerpc-eabi/6.3.0/crtbegin.o
 .init          0x80003280        0x4 c:/devkitpro/devkitppc/bin/../lib/gcc/powerpc-eabi/6.3.0/crtend.o
 .init          0x80003284       0x10 c:/devkitpro/devkitppc/bin/../lib/gcc/powerpc-eabi/6.3.0/ecrtn.o

.rela.dyn       0x80003294        0x0
 .rela.iplt     0x80003294        0x0 c:/devkitpro/devkitppc/bin/../lib/gcc/powerpc-eabi/6.3.0/crtbegin.o

.plt
 *(.plt)

.interp
 *(.interp)

.hash
 *(.hash)

.dynsym
 *(.dynsym)

.dynstr
 *(.dynstr)

.gnu.version
 *(.gnu.version)

.gnu.version_d
 *(.gnu.version_d)

.gnu.version_r
 *(.gnu.version_r)

.rel.init
 *(.rel.init)

.rela.init      0x80003294        0x0
 *(.rela.init)
 .rela.init     0x80003294        0x0 c:/devkitpro/devkitppc/bin/../lib/gcc/powerpc-eabi/6.3.0/crtbegin.o

.rel.text
 *(.rel.text .rel.text.* .rel.gnu.linkonce.t.*)

.rela.text      0x80003294        0x0
 *(.rela.text .rela.text.* .rela.gnu.linkonce.t.*)
 .rela.text.deregister_tm_clones
                0x80003294        0x0 c:/devkitpro/devkitppc/bin/../lib/gcc/powerpc-eabi/6.3.0/crtbegin.o
 .rela.text.register_tm_clones
                0x80003294        0x0 c:/devkitpro/devkitppc/bin/../lib/gcc/powerpc-eabi/6.3.0/crtbegin.o
 .rela.text.__do_global_dtors_aux
                0x80003294        0x0 c:/devkitpro/devkitppc/bin/../lib/gcc/powerpc-eabi/6.3.0/crtbegin.o
 .rela.text.frame_dummy
                0x80003294        0x0 c:/devkitpro/devkitppc/bin/../lib/gcc/powerpc-eabi/6.3.0/crtbegin.o
 .rela.text.drawQuad
                0x80003294        0x0 c:/devkitpro/devkitppc/bin/../lib/gcc/powerpc-eabi/6.3.0/crtbegin.o
 .rela.text.DoesPieceFit
                0x80003294        0x0 c:/devkitpro/devkitppc/bin/../lib/gcc/powerpc-eabi/6.3.0/crtbegin.o
 .rela.text.startup.main
                0x80003294        0x0 c:/devkitpro/devkitppc/bin/../lib/gcc/powerpc-eabi/6.3.0/crtbegin.o
 .rela.text.effect_handler
                0x80003294        0x0 c:/devkitpro/devkitppc/bin/../lib/gcc/powerpc-eabi/6.3.0/crtbegin.o
 .rela.text.__lwp_sysinit
                0x80003294        0x0 c:/devkitpro/devkitppc/bin/../lib/gcc/powerpc-eabi/6.3.0/crtbegin.o
 .rela.text.__lwp_thread_isalive
                0x80003294        0x0 c:/devkitpro/devkitppc/bin/../lib/gcc/powerpc-eabi/6.3.0/crtbegin.o
 .rela.text.__lwp_thread_exists
                0x80003294        0x0 c:/devkitpro/devkitppc/bin/../lib/gcc/powerpc-eabi/6.3.0/crtbegin.o
 .rela.text.__lwp_thread_context
                0x80003294        0x0 c:/devkitpro/devkitppc/bin/../lib/gcc/powerpc-eabi/6.3.0/crtbegin.o
 .rela.text.LWP_CreateThread
                0x80003294        0x0 c:/devkitpro/devkitppc/bin/../lib/gcc/powerpc-eabi/6.3.0/crtbegin.o
 .rela.text.LWP_SuspendThread
                0x80003294        0x0 c:/devkitpro/devkitppc/bin/../lib/gcc/powerpc-eabi/6.3.0/crtbegin.o
 .rela.text.LWP_ResumeThread
                0x80003294        0x0 c:/devkitpro/devkitppc/bin/../lib/gcc/powerpc-eabi/6.3.0/crtbegin.o
 .rela.text.LWP_SetThreadPriority
                0x80003294        0x0 c:/devkitpro/devkitppc/bin/../lib/gcc/powerpc-eabi/6.3.0/crtbegin.o
 .rela.text.LWP_ThreadIsSuspended
                0x80003294        0x0 c:/devkitpro/devkitppc/bin/../lib/gcc/powerpc-eabi/6.3.0/crtbegin.o
 .rela.text.LWP_JoinThread
                0x80003294        0x0 c:/devkitpro/devkitppc/bin/../lib/gcc/powerpc-eabi/6.3.0/crtbegin.o
 .rela.text.LWP_InitQueue
                0x80003294        0x0 c:/devkitpro/devkitppc/bin/../lib/gcc/powerpc-eabi/6.3.0/crtbegin.o
 .rela.text.LWP_CloseQueue
                0x80003294        0x0 c:/devkitpro/devkitppc/bin/../lib/gcc/powerpc-eabi/6.3.0/crtbegin.o
 .rela.text.LWP_ThreadSleep
                0x80003294        0x0 c:/devkitpro/devkitppc/bin/../lib/gcc/powerpc-eabi/6.3.0/crtbegin.o
 .rela.text.LWP_ThreadBroadcast
                0x80003294        0x0 c:/devkitpro/devkitppc/bin/../lib/gcc/powerpc-eabi/6.3.0/crtbegin.o
 .rela.text.LWP_ThreadSignal
                0x80003294        0x0 c:/devkitpro/devkitppc/bin/../lib/gcc/powerpc-eabi/6.3.0/crtbegin.o
 .rela.text.__lwp_objmgr_initinfo
                0x80003294        0x0 c:/devkitpro/devkitppc/bin/../lib/gcc/powerpc-eabi/6.3.0/crtbegin.o
 .rela.text.__call_resetfuncs
                0x80003294        0x0 c:/devkitpro/devkitppc/bin/../lib/gcc/powerpc-eabi/6.3.0/crtbegin.o
 .rela.text.__unlocksram
                0x80003294        0x0 c:/devkitpro/devkitppc/bin/../lib/gcc/powerpc-eabi/6.3.0/crtbegin.o
 .rela.text.__sram_writecallback
                0x80003294        0x0 c:/devkitpro/devkitppc/bin/../lib/gcc/powerpc-eabi/6.3.0/crtbegin.o
 .rela.text.__sys_alarmhandler
                0x80003294        0x0 c:/devkitpro/devkitppc/bin/../lib/gcc/powerpc-eabi/6.3.0/crtbegin.o
 .rela.text.__sram_read.constprop.10
                0x80003294        0x0 c:/devkitpro/devkitppc/bin/../lib/gcc/powerpc-eabi/6.3.0/crtbegin.o
 .rela.text.__sram_init
                0x80003294        0x0 c:/devkitpro/devkitppc/bin/../lib/gcc/powerpc-eabi/6.3.0/crtbegin.o
 .rela.text.__SYS_LockSram
                0x80003294        0x0 c:/devkitpro/devkitppc/bin/../lib/gcc/powerpc-eabi/6.3.0/crtbegin.o
 .rela.text.__SYS_LockSramEx
                0x80003294        0x0 c:/devkitpro/devkitppc/bin/../lib/gcc/powerpc-eabi/6.3.0/crtbegin.o
 .rela.text.__SYS_SyncSram
                0x80003294        0x0 c:/devkitpro/devkitppc/bin/../lib/gcc/powerpc-eabi/6.3.0/crtbegin.o
 .rela.text.__SYS_SetBootTime
                0x80003294        0x0 c:/devkitpro/devkitppc/bin/../lib/gcc/powerpc-eabi/6.3.0/crtbegin.o
 .rela.text.SYS_ResetSystem
                0x80003294        0x0 c:/devkitpro/devkitppc/bin/../lib/gcc/powerpc-eabi/6.3.0/crtbegin.o
 .rela.text.SYS_Init
                0x80003294        0x0 c:/devkitpro/devkitppc/bin/../lib/gcc/powerpc-eabi/6.3.0/crtbegin.o
 .rela.text.SYS_SetAlarm
                0x80003294        0x0 c:/devkitpro/devkitppc/bin/../lib/gcc/powerpc-eabi/6.3.0/crtbegin.o
 .rela.text.SYS_SetPeriodicAlarm
                0x80003294        0x0 c:/devkitpro/devkitppc/bin/../lib/gcc/powerpc-eabi/6.3.0/crtbegin.o
 .rela.text.SYS_RemoveAlarm
                0x80003294        0x0 c:/devkitpro/devkitppc/bin/../lib/gcc/powerpc-eabi/6.3.0/crtbegin.o
 .rela.text.SYS_CancelAlarm
                0x80003294        0x0 c:/devkitpro/devkitppc/bin/../lib/gcc/powerpc-eabi/6.3.0/crtbegin.o
 .rela.text.SYS_SetWirelessID
                0x80003294        0x0 c:/devkitpro/devkitppc/bin/../lib/gcc/powerpc-eabi/6.3.0/crtbegin.o
 .rela.text.SYS_GetWirelessID
                0x80003294        0x0 c:/devkitpro/devkitppc/bin/../lib/gcc/powerpc-eabi/6.3.0/crtbegin.o
 .rela.text.SYS_Time
                0x80003294        0x0 c:/devkitpro/devkitppc/bin/../lib/gcc/powerpc-eabi/6.3.0/crtbegin.o
 .rela.text.__lwp_cond_waitsupp.constprop.4
                0x80003294        0x0 c:/devkitpro/devkitppc/bin/../lib/gcc/powerpc-eabi/6.3.0/crtbegin.o
 .rela.text.__lwp_cond_signalsupp
                0x80003294        0x0 c:/devkitpro/devkitppc/bin/../lib/gcc/powerpc-eabi/6.3.0/crtbegin.o
 .rela.text.__lwp_cond_init
                0x80003294        0x0 c:/devkitpro/devkitppc/bin/../lib/gcc/powerpc-eabi/6.3.0/crtbegin.o
 .rela.text.LWP_CondInit
                0x80003294        0x0 c:/devkitpro/devkitppc/bin/../lib/gcc/powerpc-eabi/6.3.0/crtbegin.o
 .rela.text.LWP_CondDestroy
                0x80003294        0x0 c:/devkitpro/devkitppc/bin/../lib/gcc/powerpc-eabi/6.3.0/crtbegin.o
 .rela.text.__GXDefTlutRegionCallback
                0x80003294        0x0 c:/devkitpro/devkitppc/bin/../lib/gcc/powerpc-eabi/6.3.0/crtbegin.o
 .rela.text.__SetSURegs
                0x80003294        0x0 c:/devkitpro/devkitppc/bin/../lib/gcc/powerpc-eabi/6.3.0/crtbegin.o
 .rela.text.__GXCPInterruptHandler
                0x80003294        0x0 c:/devkitpro/devkitppc/bin/../lib/gcc/powerpc-eabi/6.3.0/crtbegin.o
 .rela.text.GX_SetTexCoordGen2.part.5
                0x80003294        0x0 c:/devkitpro/devkitppc/bin/../lib/gcc/powerpc-eabi/6.3.0/crtbegin.o
 .rela.text.__GXDefTexRegionCallback
                0x80003294        0x0 c:/devkitpro/devkitppc/bin/../lib/gcc/powerpc-eabi/6.3.0/crtbegin.o
 .rela.text.__GX_SetDirtyState
                0x80003294        0x0 c:/devkitpro/devkitppc/bin/../lib/gcc/powerpc-eabi/6.3.0/crtbegin.o
 .rela.text.GX_SetCPUFifo
                0x80003294        0x0 c:/devkitpro/devkitppc/bin/../lib/gcc/powerpc-eabi/6.3.0/crtbegin.o
 .rela.text.GX_SetGPFifo
                0x80003294        0x0 c:/devkitpro/devkitppc/bin/../lib/gcc/powerpc-eabi/6.3.0/crtbegin.o
 .rela.text.GX_RestoreWriteGatherPipe
                0x80003294        0x0 c:/devkitpro/devkitppc/bin/../lib/gcc/powerpc-eabi/6.3.0/crtbegin.o
 .rela.text.GX_Flush
                0x80003294        0x0 c:/devkitpro/devkitppc/bin/../lib/gcc/powerpc-eabi/6.3.0/crtbegin.o
 .rela.text.GX_RedirectWriteGatherPipe
                0x80003294        0x0 c:/devkitpro/devkitppc/bin/../lib/gcc/powerpc-eabi/6.3.0/crtbegin.o
 .rela.text.GX_EnableBreakPt
                0x80003294        0x0 c:/devkitpro/devkitppc/bin/../lib/gcc/powerpc-eabi/6.3.0/crtbegin.o
 .rela.text.GX_DisableBreakPt
                0x80003294        0x0 c:/devkitpro/devkitppc/bin/../lib/gcc/powerpc-eabi/6.3.0/crtbegin.o
 .rela.text.GX_AbortFrame
                0x80003294        0x0 c:/devkitpro/devkitppc/bin/../lib/gcc/powerpc-eabi/6.3.0/crtbegin.o
 .rela.text.GX_PixModeSync
                0x80003294        0x0 c:/devkitpro/devkitppc/bin/../lib/gcc/powerpc-eabi/6.3.0/crtbegin.o
 .rela.text.GX_SetMisc
                0x80003294        0x0 c:/devkitpro/devkitppc/bin/../lib/gcc/powerpc-eabi/6.3.0/crtbegin.o
 .rela.text.GX_SetCopyClamp
                0x80003294        0x0 c:/devkitpro/devkitppc/bin/../lib/gcc/powerpc-eabi/6.3.0/crtbegin.o
 .rela.text.GX_SetDispCopyGamma
                0x80003294        0x0 c:/devkitpro/devkitppc/bin/../lib/gcc/powerpc-eabi/6.3.0/crtbegin.o
 .rela.text.GX_SetDispCopyFrame2Field
                0x80003294        0x0 c:/devkitpro/devkitppc/bin/../lib/gcc/powerpc-eabi/6.3.0/crtbegin.o
 .rela.text.GX_SetDispCopyYScale
                0x80003294        0x0 c:/devkitpro/devkitppc/bin/../lib/gcc/powerpc-eabi/6.3.0/crtbegin.o
 .rela.text.GX_SetDispCopyDst
                0x80003294        0x0 c:/devkitpro/devkitppc/bin/../lib/gcc/powerpc-eabi/6.3.0/crtbegin.o
 .rela.text.GX_SetDispCopySrc
                0x80003294        0x0 c:/devkitpro/devkitppc/bin/../lib/gcc/powerpc-eabi/6.3.0/crtbegin.o
 .rela.text.GX_CopyDisp
                0x80003294        0x0 c:/devkitpro/devkitppc/bin/../lib/gcc/powerpc-eabi/6.3.0/crtbegin.o
 .rela.text.GX_CopyTex
                0x80003294        0x0 c:/devkitpro/devkitppc/bin/../lib/gcc/powerpc-eabi/6.3.0/crtbegin.o
 .rela.text.GX_SetTexCopySrc
                0x80003294        0x0 c:/devkitpro/devkitppc/bin/../lib/gcc/powerpc-eabi/6.3.0/crtbegin.o
 .rela.text.GX_SetTexCopyDst
                0x80003294        0x0 c:/devkitpro/devkitppc/bin/../lib/gcc/powerpc-eabi/6.3.0/crtbegin.o
 .rela.text.GX_BeginDispList
                0x80003294        0x0 c:/devkitpro/devkitppc/bin/../lib/gcc/powerpc-eabi/6.3.0/crtbegin.o
 .rela.text.GX_EndDispList
                0x80003294        0x0 c:/devkitpro/devkitppc/bin/../lib/gcc/powerpc-eabi/6.3.0/crtbegin.o
 .rela.text.GX_CallDispList
                0x80003294        0x0 c:/devkitpro/devkitppc/bin/../lib/gcc/powerpc-eabi/6.3.0/crtbegin.o
 .rela.text.GX_SetChanCtrl
                0x80003294        0x0 c:/devkitpro/devkitppc/bin/../lib/gcc/powerpc-eabi/6.3.0/crtbegin.o
 .rela.text.GX_SetChanAmbColor
                0x80003294        0x0 c:/devkitpro/devkitppc/bin/../lib/gcc/powerpc-eabi/6.3.0/crtbegin.o
 .rela.text.GX_SetChanMatColor
                0x80003294        0x0 c:/devkitpro/devkitppc/bin/../lib/gcc/powerpc-eabi/6.3.0/crtbegin.o
 .rela.text.GX_SetVtxDesc
                0x80003294        0x0 c:/devkitpro/devkitppc/bin/../lib/gcc/powerpc-eabi/6.3.0/crtbegin.o
 .rela.text.GX_SetVtxDescv
                0x80003294        0x0 c:/devkitpro/devkitppc/bin/../lib/gcc/powerpc-eabi/6.3.0/crtbegin.o
 .rela.text.GX_GetVtxDescv
                0x80003294        0x0 c:/devkitpro/devkitppc/bin/../lib/gcc/powerpc-eabi/6.3.0/crtbegin.o
 .rela.text.GX_SetVtxAttrFmt
                0x80003294        0x0 c:/devkitpro/devkitppc/bin/../lib/gcc/powerpc-eabi/6.3.0/crtbegin.o
 .rela.text.GX_SetVtxAttrFmtv
                0x80003294        0x0 c:/devkitpro/devkitppc/bin/../lib/gcc/powerpc-eabi/6.3.0/crtbegin.o
 .rela.text.GX_Begin
                0x80003294        0x0 c:/devkitpro/devkitppc/bin/../lib/gcc/powerpc-eabi/6.3.0/crtbegin.o
 .rela.text.GX_SetCurrentMtx
                0x80003294        0x0 c:/devkitpro/devkitppc/bin/../lib/gcc/powerpc-eabi/6.3.0/crtbegin.o
 .rela.text.GX_SetNumTexGens
                0x80003294        0x0 c:/devkitpro/devkitppc/bin/../lib/gcc/powerpc-eabi/6.3.0/crtbegin.o
 .rela.text.GX_SetZMode
                0x80003294        0x0 c:/devkitpro/devkitppc/bin/../lib/gcc/powerpc-eabi/6.3.0/crtbegin.o
 .rela.text.GX_LoadTexObjPreloaded
                0x80003294        0x0 c:/devkitpro/devkitppc/bin/../lib/gcc/powerpc-eabi/6.3.0/crtbegin.o
 .rela.text.GX_PreloadEntireTexture
                0x80003294        0x0 c:/devkitpro/devkitppc/bin/../lib/gcc/powerpc-eabi/6.3.0/crtbegin.o
 .rela.text.GX_InvalidateTexAll
                0x80003294        0x0 c:/devkitpro/devkitppc/bin/../lib/gcc/powerpc-eabi/6.3.0/crtbegin.o
 .rela.text.GX_InvalidateTexRegion
                0x80003294        0x0 c:/devkitpro/devkitppc/bin/../lib/gcc/powerpc-eabi/6.3.0/crtbegin.o
 .rela.text.GX_LoadTlut
                0x80003294        0x0 c:/devkitpro/devkitppc/bin/../lib/gcc/powerpc-eabi/6.3.0/crtbegin.o
 .rela.text.GX_SetTexCoordScaleManually
                0x80003294        0x0 c:/devkitpro/devkitppc/bin/../lib/gcc/powerpc-eabi/6.3.0/crtbegin.o
 .rela.text.GX_SetTexCoordCylWrap
                0x80003294        0x0 c:/devkitpro/devkitppc/bin/../lib/gcc/powerpc-eabi/6.3.0/crtbegin.o
 .rela.text.GX_SetTexCoordBias
                0x80003294        0x0 c:/devkitpro/devkitppc/bin/../lib/gcc/powerpc-eabi/6.3.0/crtbegin.o
 .rela.text.GX_SetBlendMode
                0x80003294        0x0 c:/devkitpro/devkitppc/bin/../lib/gcc/powerpc-eabi/6.3.0/crtbegin.o
 .rela.text.GX_ClearVtxDesc
                0x80003294        0x0 c:/devkitpro/devkitppc/bin/../lib/gcc/powerpc-eabi/6.3.0/crtbegin.o
 .rela.text.GX_SetLineWidth
                0x80003294        0x0 c:/devkitpro/devkitppc/bin/../lib/gcc/powerpc-eabi/6.3.0/crtbegin.o
 .rela.text.GX_SetPointSize
                0x80003294        0x0 c:/devkitpro/devkitppc/bin/../lib/gcc/powerpc-eabi/6.3.0/crtbegin.o
 .rela.text.GX_SetTevColorIn
                0x80003294        0x0 c:/devkitpro/devkitppc/bin/../lib/gcc/powerpc-eabi/6.3.0/crtbegin.o
 .rela.text.GX_SetTevAlphaIn
                0x80003294        0x0 c:/devkitpro/devkitppc/bin/../lib/gcc/powerpc-eabi/6.3.0/crtbegin.o
 .rela.text.GX_SetTevColorOp
                0x80003294        0x0 c:/devkitpro/devkitppc/bin/../lib/gcc/powerpc-eabi/6.3.0/crtbegin.o
 .rela.text.GX_SetTevAlphaOp
                0x80003294        0x0 c:/devkitpro/devkitppc/bin/../lib/gcc/powerpc-eabi/6.3.0/crtbegin.o
 .rela.text.GX_SetTevOp
                0x80003294        0x0 c:/devkitpro/devkitppc/bin/../lib/gcc/powerpc-eabi/6.3.0/crtbegin.o
 .rela.text.GX_SetCullMode
                0x80003294        0x0 c:/devkitpro/devkitppc/bin/../lib/gcc/powerpc-eabi/6.3.0/crtbegin.o
 .rela.text.GX_SetCoPlanar
                0x80003294        0x0 c:/devkitpro/devkitppc/bin/../lib/gcc/powerpc-eabi/6.3.0/crtbegin.o
 .rela.text.GX_EnableTexOffsets
                0x80003294        0x0 c:/devkitpro/devkitppc/bin/../lib/gcc/powerpc-eabi/6.3.0/crtbegin.o
 .rela.text.GX_SetScissor
                0x80003294        0x0 c:/devkitpro/devkitppc/bin/../lib/gcc/powerpc-eabi/6.3.0/crtbegin.o
 .rela.text.GX_SetNumChans
                0x80003294        0x0 c:/devkitpro/devkitppc/bin/../lib/gcc/powerpc-eabi/6.3.0/crtbegin.o
 .rela.text.GX_SetTevOrder
                0x80003294        0x0 c:/devkitpro/devkitppc/bin/../lib/gcc/powerpc-eabi/6.3.0/crtbegin.o
 .rela.text.GX_SetNumTevStages
                0x80003294        0x0 c:/devkitpro/devkitppc/bin/../lib/gcc/powerpc-eabi/6.3.0/crtbegin.o
 .rela.text.GX_SetTevKColorSel
                0x80003294        0x0 c:/devkitpro/devkitppc/bin/../lib/gcc/powerpc-eabi/6.3.0/crtbegin.o
 .rela.text.GX_SetTevKAlphaSel
                0x80003294        0x0 c:/devkitpro/devkitppc/bin/../lib/gcc/powerpc-eabi/6.3.0/crtbegin.o
 .rela.text.GX_SetTevSwapMode
                0x80003294        0x0 c:/devkitpro/devkitppc/bin/../lib/gcc/powerpc-eabi/6.3.0/crtbegin.o
 .rela.text.GX_SetTevSwapModeTable
                0x80003294        0x0 c:/devkitpro/devkitppc/bin/../lib/gcc/powerpc-eabi/6.3.0/crtbegin.o
 .rela.text.GX_SetNumIndStages
                0x80003294        0x0 c:/devkitpro/devkitppc/bin/../lib/gcc/powerpc-eabi/6.3.0/crtbegin.o
 .rela.text.GX_SetIndTexCoordScale
                0x80003294        0x0 c:/devkitpro/devkitppc/bin/../lib/gcc/powerpc-eabi/6.3.0/crtbegin.o
 .rela.text.GX_SetColorUpdate
                0x80003294        0x0 c:/devkitpro/devkitppc/bin/../lib/gcc/powerpc-eabi/6.3.0/crtbegin.o
 .rela.text.GX_SetAlphaUpdate
                0x80003294        0x0 c:/devkitpro/devkitppc/bin/../lib/gcc/powerpc-eabi/6.3.0/crtbegin.o
 .rela.text.GX_SetZCompLoc
                0x80003294        0x0 c:/devkitpro/devkitppc/bin/../lib/gcc/powerpc-eabi/6.3.0/crtbegin.o
 .rela.text.GX_SetPixelFmt
                0x80003294        0x0 c:/devkitpro/devkitppc/bin/../lib/gcc/powerpc-eabi/6.3.0/crtbegin.o
 .rela.text.GX_SetDither
                0x80003294        0x0 c:/devkitpro/devkitppc/bin/../lib/gcc/powerpc-eabi/6.3.0/crtbegin.o
 .rela.text.GX_SetDstAlpha
                0x80003294        0x0 c:/devkitpro/devkitppc/bin/../lib/gcc/powerpc-eabi/6.3.0/crtbegin.o
 .rela.text.GX_SetFieldMode
                0x80003294        0x0 c:/devkitpro/devkitppc/bin/../lib/gcc/powerpc-eabi/6.3.0/crtbegin.o
 .rela.text.GX_SetIndTexOrder
                0x80003294        0x0 c:/devkitpro/devkitppc/bin/../lib/gcc/powerpc-eabi/6.3.0/crtbegin.o
 .rela.text.GX_SetGPMetric
                0x80003294        0x0 c:/devkitpro/devkitppc/bin/../lib/gcc/powerpc-eabi/6.3.0/crtbegin.o
 .rela.text.GX_Init
                0x80003294        0x0 c:/devkitpro/devkitppc/bin/../lib/gcc/powerpc-eabi/6.3.0/crtbegin.o
 .rela.text.GX_ReadGPMetric
                0x80003294        0x0 c:/devkitpro/devkitppc/bin/../lib/gcc/powerpc-eabi/6.3.0/crtbegin.o
 .rela.text.c_decrementer_handler
                0x80003294        0x0 c:/devkitpro/devkitppc/bin/../lib/gcc/powerpc-eabi/6.3.0/crtbegin.o
 .rela.text.__lwp_mqbox_init
                0x80003294        0x0 c:/devkitpro/devkitppc/bin/../lib/gcc/powerpc-eabi/6.3.0/crtbegin.o
 .rela.text.MQ_Init
                0x80003294        0x0 c:/devkitpro/devkitppc/bin/../lib/gcc/powerpc-eabi/6.3.0/crtbegin.o
 .rela.text.MQ_Close
                0x80003294        0x0 c:/devkitpro/devkitppc/bin/../lib/gcc/powerpc-eabi/6.3.0/crtbegin.o
 .rela.text.MQ_Send
                0x80003294        0x0 c:/devkitpro/devkitppc/bin/../lib/gcc/powerpc-eabi/6.3.0/crtbegin.o
 .rela.text.MQ_Receive
                0x80003294        0x0 c:/devkitpro/devkitppc/bin/../lib/gcc/powerpc-eabi/6.3.0/crtbegin.o
 .rela.text.MQ_Jam
                0x80003294        0x0 c:/devkitpro/devkitppc/bin/../lib/gcc/powerpc-eabi/6.3.0/crtbegin.o
 .rela.text.nanosleep
                0x80003294        0x0 c:/devkitpro/devkitppc/bin/../lib/gcc/powerpc-eabi/6.3.0/crtbegin.o
 .rela.text.__libc_delete_hook
                0x80003294        0x0 c:/devkitpro/devkitppc/bin/../lib/gcc/powerpc-eabi/6.3.0/crtbegin.o
 .rela.text.__libc_init
                0x80003294        0x0 c:/devkitpro/devkitppc/bin/../lib/gcc/powerpc-eabi/6.3.0/crtbegin.o
 .rela.text.__CheckARGV
                0x80003294        0x0 c:/devkitpro/devkitppc/bin/../lib/gcc/powerpc-eabi/6.3.0/crtbegin.o
 .rela.text.__lwp_priority_init
                0x80003294        0x0 c:/devkitpro/devkitppc/bin/../lib/gcc/powerpc-eabi/6.3.0/crtbegin.o
 .rela.text.__lwp_threadqueue_enqueuefifo
                0x80003294        0x0 c:/devkitpro/devkitppc/bin/../lib/gcc/powerpc-eabi/6.3.0/crtbegin.o
 .rela.text.__lwp_threadqueue_dequeuefifo
                0x80003294        0x0 c:/devkitpro/devkitppc/bin/../lib/gcc/powerpc-eabi/6.3.0/crtbegin.o
 .rela.text.__lwp_threadqueue_enqueuepriority
                0x80003294        0x0 c:/devkitpro/devkitppc/bin/../lib/gcc/powerpc-eabi/6.3.0/crtbegin.o
 .rela.text.__lwp_threadqueue_dequeuepriority
                0x80003294        0x0 c:/devkitpro/devkitppc/bin/../lib/gcc/powerpc-eabi/6.3.0/crtbegin.o
 .rela.text.__lwp_threadqueue_enqueue
                0x80003294        0x0 c:/devkitpro/devkitppc/bin/../lib/gcc/powerpc-eabi/6.3.0/crtbegin.o
 .rela.text.__lwp_threadqueue_extractfifo
                0x80003294        0x0 c:/devkitpro/devkitppc/bin/../lib/gcc/powerpc-eabi/6.3.0/crtbegin.o
 .rela.text.__lwp_threadqueue_extractpriority
                0x80003294        0x0 c:/devkitpro/devkitppc/bin/../lib/gcc/powerpc-eabi/6.3.0/crtbegin.o
 .rela.text.__lwp_rotate_readyqueue
                0x80003294        0x0 c:/devkitpro/devkitppc/bin/../lib/gcc/powerpc-eabi/6.3.0/crtbegin.o
 .rela.text.__lwp_thread_tickle_timeslice
                0x80003294        0x0 c:/devkitpro/devkitppc/bin/../lib/gcc/powerpc-eabi/6.3.0/crtbegin.o
 .rela.text.__lwp_thread_setstate
                0x80003294        0x0 c:/devkitpro/devkitppc/bin/../lib/gcc/powerpc-eabi/6.3.0/crtbegin.o
 .rela.text.__lwp_thread_setpriority
                0x80003294        0x0 c:/devkitpro/devkitppc/bin/../lib/gcc/powerpc-eabi/6.3.0/crtbegin.o
 .rela.text.__lwp_thread_suspend
                0x80003294        0x0 c:/devkitpro/devkitppc/bin/../lib/gcc/powerpc-eabi/6.3.0/crtbegin.o
 .rela.text.__lwp_thread_changepriority
                0x80003294        0x0 c:/devkitpro/devkitppc/bin/../lib/gcc/powerpc-eabi/6.3.0/crtbegin.o
 .rela.text.__lwp_thread_ready
                0x80003294        0x0 c:/devkitpro/devkitppc/bin/../lib/gcc/powerpc-eabi/6.3.0/crtbegin.o
 .rela.text.__lwp_thread_init
                0x80003294        0x0 c:/devkitpro/devkitppc/bin/../lib/gcc/powerpc-eabi/6.3.0/crtbegin.o
 .rela.text.__lwp_thread_close
                0x80003294        0x0 c:/devkitpro/devkitppc/bin/../lib/gcc/powerpc-eabi/6.3.0/crtbegin.o
 .rela.text.__lwp_thread_closeall
                0x80003294        0x0 c:/devkitpro/devkitppc/bin/../lib/gcc/powerpc-eabi/6.3.0/crtbegin.o
 .rela.text.__lwp_thread_startmultitasking
                0x80003294        0x0 c:/devkitpro/devkitppc/bin/../lib/gcc/powerpc-eabi/6.3.0/crtbegin.o
 .rela.text.__lwp_thread_stopmultitasking
                0x80003294        0x0 c:/devkitpro/devkitppc/bin/../lib/gcc/powerpc-eabi/6.3.0/crtbegin.o
 .rela.text.__lwp_thread_coreinit
                0x80003294        0x0 c:/devkitpro/devkitppc/bin/../lib/gcc/powerpc-eabi/6.3.0/crtbegin.o
 .rela.text.__lwpmq_initialize
                0x80003294        0x0 c:/devkitpro/devkitppc/bin/../lib/gcc/powerpc-eabi/6.3.0/crtbegin.o
 .rela.text.__lwpmq_close
                0x80003294        0x0 c:/devkitpro/devkitppc/bin/../lib/gcc/powerpc-eabi/6.3.0/crtbegin.o
 .rela.text.__lwp_stack_allocate
                0x80003294        0x0 c:/devkitpro/devkitppc/bin/../lib/gcc/powerpc-eabi/6.3.0/crtbegin.o
 .rela.text.__lwp_stack_free
                0x80003294        0x0 c:/devkitpro/devkitppc/bin/../lib/gcc/powerpc-eabi/6.3.0/crtbegin.o
 .rela.text.__lwp_watchdog_init
                0x80003294        0x0 c:/devkitpro/devkitppc/bin/../lib/gcc/powerpc-eabi/6.3.0/crtbegin.o
 .rela.text.__lwp_wd_tickle
                0x80003294        0x0 c:/devkitpro/devkitppc/bin/../lib/gcc/powerpc-eabi/6.3.0/crtbegin.o
 .rela.text.__lwp_wkspace_heapfree
                0x80003294        0x0 c:/devkitpro/devkitppc/bin/../lib/gcc/powerpc-eabi/6.3.0/crtbegin.o
 .rela.text.__lwp_wkspace_heapused
                0x80003294        0x0 c:/devkitpro/devkitppc/bin/../lib/gcc/powerpc-eabi/6.3.0/crtbegin.o
 .rela.text.__lwp_wkspace_init
                0x80003294        0x0 c:/devkitpro/devkitppc/bin/../lib/gcc/powerpc-eabi/6.3.0/crtbegin.o
 .rela.text.__systemcall_init
                0x80003294        0x0 c:/devkitpro/devkitppc/bin/../lib/gcc/powerpc-eabi/6.3.0/crtbegin.o
 .rela.text.__exception_init
                0x80003294        0x0 c:/devkitpro/devkitppc/bin/../lib/gcc/powerpc-eabi/6.3.0/crtbegin.o
 .rela.text.__exception_close
                0x80003294        0x0 c:/devkitpro/devkitppc/bin/../lib/gcc/powerpc-eabi/6.3.0/crtbegin.o
 .rela.text.__exception_sethandler
                0x80003294        0x0 c:/devkitpro/devkitppc/bin/../lib/gcc/powerpc-eabi/6.3.0/crtbegin.o
 .rela.text.__irq_init
                0x80003294        0x0 c:/devkitpro/devkitppc/bin/../lib/gcc/powerpc-eabi/6.3.0/crtbegin.o
 .rela.text     0x80003294        0x0 c:/devkitpro/devkitppc/bin/../lib/gcc/powerpc-eabi/6.3.0/crtbegin.o
 .rela.text.__lwp_sema_init
                0x80003294        0x0 c:/devkitpro/devkitppc/bin/../lib/gcc/powerpc-eabi/6.3.0/crtbegin.o
 .rela.text.LWP_SemInit
                0x80003294        0x0 c:/devkitpro/devkitppc/bin/../lib/gcc/powerpc-eabi/6.3.0/crtbegin.o
 .rela.text.LWP_SemWait
                0x80003294        0x0 c:/devkitpro/devkitppc/bin/../lib/gcc/powerpc-eabi/6.3.0/crtbegin.o
 .rela.text.LWP_SemPost
                0x80003294        0x0 c:/devkitpro/devkitppc/bin/../lib/gcc/powerpc-eabi/6.3.0/crtbegin.o
 .rela.text.LWP_SemDestroy
                0x80003294        0x0 c:/devkitpro/devkitppc/bin/../lib/gcc/powerpc-eabi/6.3.0/crtbegin.o
 .rela.text.__lwp_mutex_locksupp.constprop.8
                0x80003294        0x0 c:/devkitpro/devkitppc/bin/../lib/gcc/powerpc-eabi/6.3.0/crtbegin.o
 .rela.text.__lwp_mutex_init
                0x80003294        0x0 c:/devkitpro/devkitppc/bin/../lib/gcc/powerpc-eabi/6.3.0/crtbegin.o
 .rela.text.LWP_MutexInit
                0x80003294        0x0 c:/devkitpro/devkitppc/bin/../lib/gcc/powerpc-eabi/6.3.0/crtbegin.o
 .rela.text.LWP_MutexDestroy
                0x80003294        0x0 c:/devkitpro/devkitppc/bin/../lib/gcc/powerpc-eabi/6.3.0/crtbegin.o
 .rela.text.LWP_MutexUnlock
                0x80003294        0x0 c:/devkitpro/devkitppc/bin/../lib/gcc/powerpc-eabi/6.3.0/crtbegin.o
 .rela.text.kprintf
                0x80003294        0x0 c:/devkitpro/devkitppc/bin/../lib/gcc/powerpc-eabi/6.3.0/crtbegin.o
 .rela.text.__console_init
                0x80003294        0x0 c:/devkitpro/devkitppc/bin/../lib/gcc/powerpc-eabi/6.3.0/crtbegin.o
 .rela.text.__console_init_ex
                0x80003294        0x0 c:/devkitpro/devkitppc/bin/../lib/gcc/powerpc-eabi/6.3.0/crtbegin.o
 .rela.text.CON_EnableGecko
                0x80003294        0x0 c:/devkitpro/devkitppc/bin/../lib/gcc/powerpc-eabi/6.3.0/crtbegin.o
 .rela.text.sinef
                0x80003294        0x0 c:/devkitpro/devkitppc/bin/../lib/gcc/powerpc-eabi/6.3.0/crtbegin.o
 .rela.text.sqrtf
                0x80003294        0x0 c:/devkitpro/devkitppc/bin/../lib/gcc/powerpc-eabi/6.3.0/crtbegin.o
 .rela.text.tanf
                0x80003294        0x0 c:/devkitpro/devkitppc/bin/../lib/gcc/powerpc-eabi/6.3.0/crtbegin.o
 .rela.text._exit
                0x80003294        0x0 c:/devkitpro/devkitppc/bin/../lib/gcc/powerpc-eabi/6.3.0/crtbegin.o
 .rela.text.calloc
                0x80003294        0x0 c:/devkitpro/devkitppc/bin/../lib/gcc/powerpc-eabi/6.3.0/crtbegin.o
 .rela.text.__errno
                0x80003294        0x0 c:/devkitpro/devkitppc/bin/../lib/gcc/powerpc-eabi/6.3.0/crtbegin.o
 .rela.text.exit
                0x80003294        0x0 c:/devkitpro/devkitppc/bin/../lib/gcc/powerpc-eabi/6.3.0/crtbegin.o
 .rela.text.fclose
                0x80003294        0x0 c:/devkitpro/devkitppc/bin/../lib/gcc/powerpc-eabi/6.3.0/crtbegin.o
 .rela.text.fflush
                0x80003294        0x0 c:/devkitpro/devkitppc/bin/../lib/gcc/powerpc-eabi/6.3.0/crtbegin.o
 .rela.text.std.isra.0
                0x80003294        0x0 c:/devkitpro/devkitppc/bin/../lib/gcc/powerpc-eabi/6.3.0/crtbegin.o
 .rela.text._cleanup
                0x80003294        0x0 c:/devkitpro/devkitppc/bin/../lib/gcc/powerpc-eabi/6.3.0/crtbegin.o
 .rela.text.__sfp
                0x80003294        0x0 c:/devkitpro/devkitppc/bin/../lib/gcc/powerpc-eabi/6.3.0/crtbegin.o
 .rela.text.__fp_lock_all
                0x80003294        0x0 c:/devkitpro/devkitppc/bin/../lib/gcc/powerpc-eabi/6.3.0/crtbegin.o
 .rela.text.__fp_unlock_all
                0x80003294        0x0 c:/devkitpro/devkitppc/bin/../lib/gcc/powerpc-eabi/6.3.0/crtbegin.o
 .rela.text._fopen_r
                0x80003294        0x0 c:/devkitpro/devkitppc/bin/../lib/gcc/powerpc-eabi/6.3.0/crtbegin.o
 .rela.text.fopen
                0x80003294        0x0 c:/devkitpro/devkitppc/bin/../lib/gcc/powerpc-eabi/6.3.0/crtbegin.o
 .rela.text.fread
                0x80003294        0x0 c:/devkitpro/devkitppc/bin/../lib/gcc/powerpc-eabi/6.3.0/crtbegin.o
 .rela.text._malloc_trim_r
                0x80003294        0x0 c:/devkitpro/devkitppc/bin/../lib/gcc/powerpc-eabi/6.3.0/crtbegin.o
 .rela.text._free_r
                0x80003294        0x0 c:/devkitpro/devkitppc/bin/../lib/gcc/powerpc-eabi/6.3.0/crtbegin.o
 .rela.text.fseek
                0x80003294        0x0 c:/devkitpro/devkitppc/bin/../lib/gcc/powerpc-eabi/6.3.0/crtbegin.o
 .rela.text._fseeko_r
                0x80003294        0x0 c:/devkitpro/devkitppc/bin/../lib/gcc/powerpc-eabi/6.3.0/crtbegin.o
 .rela.text.fseeko
                0x80003294        0x0 c:/devkitpro/devkitppc/bin/../lib/gcc/powerpc-eabi/6.3.0/crtbegin.o
 .rela.text.ftell
                0x80003294        0x0 c:/devkitpro/devkitppc/bin/../lib/gcc/powerpc-eabi/6.3.0/crtbegin.o
 .rela.text.ftello
                0x80003294        0x0 c:/devkitpro/devkitppc/bin/../lib/gcc/powerpc-eabi/6.3.0/crtbegin.o
 .rela.text.__loadlocale
                0x80003294        0x0 c:/devkitpro/devkitppc/bin/../lib/gcc/powerpc-eabi/6.3.0/crtbegin.o
 .rela.text._dtoa_r
                0x80003294        0x0 c:/devkitpro/devkitppc/bin/../lib/gcc/powerpc-eabi/6.3.0/crtbegin.o
 .rela.text._findenv_r
                0x80003294        0x0 c:/devkitpro/devkitppc/bin/../lib/gcc/powerpc-eabi/6.3.0/crtbegin.o

.rel.fini
 *(.rel.fini)

.rela.fini
 *(.rela.fini)

.rel.rodata
 *(.rel.rodata .rel.rodata.* .rel.gnu.linkonce.r.*)

.rela.rodata    0x80003294        0x0
 *(.rela.rodata .rela.rodata.* .rela.gnu.linkonce.r.*)
 .rela.rodata.__C_locale
                0x80003294        0x0 c:/devkitpro/devkitppc/bin/../lib/gcc/powerpc-eabi/6.3.0/crtbegin.o

.rel.data
 *(.rel.data .rel.data.* .rel.gnu.linkonce.d.*)

.rela.data      0x80003294        0x0
 *(.rela.data .rela.data.* .rela.gnu.linkonce.d.*)
 .rela.data.__global_locale
                0x80003294        0x0 c:/devkitpro/devkitppc/bin/../lib/gcc/powerpc-eabi/6.3.0/crtbegin.o

.rel.tdata
 *(.rel.tdata .rel.tdata.* .rel.gnu.linkonce.td.*)

.rela.tdata
 *(.rela.tdata .rela.tdata.* .rela.gnu.linkonce.td.*)

.rel.tbss
 *(.rel.tbss .rel.tbss.* .rel.gnu.linkonce.tb.*)

.rela.tbss
 *(.rela.tbss .rela.tbss.* .rela.gnu.linkonce.tb.*)

.rel.ctors
 *(.rel.ctors)

.rela.ctors
 *(.rela.ctors)

.rel.dtors
 *(.rel.dtors)

.rela.dtors
 *(.rela.dtors)

.rel.got
 *(.rel.got)

.rela.got
 *(.rela.got)

.rela.got1
 *(.rela.got1)

.rela.got2      0x80003294        0x0
 *(.rela.got2)
 .rela.got2     0x80003294        0x0 c:/devkitpro/devkitppc/bin/../lib/gcc/powerpc-eabi/6.3.0/crtbegin.o

.rel.sdata
 *(.rel.sdata .rel.sdata.* .rel.gnu.linkonce.s.*)

.rela.sdata
 *(.rela.sdata .rela.sdata.* .rela.gnu.linkonce.s.*)

.rel.sbss
 *(.rel.sbss .rel.sbss.* .rel.gnu.linkonce.sb.*)

.rela.sbss
 *(.rela.sbss .rela.sbss.* .rel.gnu.linkonce.sb.*)

.rel.sdata2
 *(.rel.sdata2 .rel.sdata2.* .rel.gnu.linkonce.s2.*)

.rela.sdata2    0x80003294        0x0
 *(.rela.sdata2 .rela.sdata2.* .rela.gnu.linkonce.s2.*)
 .rela.sdata2.__sys_inIPL
                0x80003294        0x0 c:/devkitpro/devkitppc/bin/../lib/gcc/powerpc-eabi/6.3.0/crtbegin.o

.rel.sbss2
 *(.rel.sbss2 .rel.sbss2.* .rel.gnu.linkonce.sb2.*)

.rela.sbss2
 *(.rela.sbss2 .rela.sbss2.* .rela.gnu.linkonce.sb2.*)

.rel.bss
 *(.rel.bss .rel.bss.* .rel.gnu.linkonce.b.*)

.rela.bss
 *(.rela.bss .rela.bss.* .rela.gnu.linkonce.b.*)

.rel.plt
 *(.rel.plt)

.rela.plt
 *(.rela.plt)

.text           0x800032a0    0x1f9e0
 *(.text)
 .text          0x800032a0      0x4f4 C:/devkitPro/libogc/lib/cube\libogc.a(cache_asm.o)
                0x800032a0                DCFlashInvalidate
                0x800032b4                DCEnable
                0x800032c8                DCDisable
                0x800032dc                DCFreeze
                0x800032f0                DCUnfreeze
                0x80003304                DCTouchLoad
                0x8000330c                DCBlockZero
                0x80003314                DCBlockStore
                0x8000331c                DCBlockFlush
                0x80003324                DCBlockInvalidate
                0x8000332c                DCInvalidateRange
                0x8000335c                DCFlushRange
                0x80003390                DCStoreRange
                0x800033c4                DCFlushRangeNoSync
                0x800033f4                DCStoreRangeNoSync
                0x80003424                DCZeroRange
                0x80003454                DCTouchRange
                0x80003484                ICInvalidateRange
                0x800034bc                ICFlashInvalidate
                0x800034d0                ICEnable
                0x800034e4                ICDisable
                0x800034f8                ICFreeze
                0x8000350c                ICUnfreeze
                0x80003520                ICBlockInvalidate
                0x80003528                ICSync
                0x80003530                L2Init
                0x80003578                L2Enable
                0x80003594                L2Disable
                0x800035ac                L2GlobalInvalidate
                0x80003604                __LCEnable
                0x800036d0                LCDisable
                0x800036f8                LCAllocOneTag
                0x8000370c                LCAllocTags
                0x8000374c                LCLoadBlocks
                0x80003770                LCStoreBlocks
 .text          0x80003794      0x434 C:/devkitPro/libogc/lib/cube\libogc.a(system_asm.o)
                0x80003794                __realmode
                0x800037ac                __configBATS
                0x80003880                __InitFPRS
                0x800039ac                __InitPS
                0x80003a08                __InitCache
                0x80003a60                __InitSystem
                0x80003ad8                __flush_cache
                0x80003b0c                __reset
                0x80003b7c                __InitBATS
                0x80003b98                SYS_SwitchFiber
 .text          0x80003bc8      0x8dc C:/devkitPro/libogc/lib/cube\libogc.a(gu_psasm.o)
                0x80003bc8                ps_guMtxConcat
                0x80003c8c                ps_guMtxIdentity
                0x80003cb8                ps_guMtxCopy
                0x80003cec                ps_guMtxTranspose
                0x80003d3c                ps_guMtxInverse
                0x80003e34                ps_guMtxInvXpose
                0x80003efc                ps_guMtxScale
                0x80003f24                ps_guMtxScaleApply
                0x80003f7c                ps_guMtxApplyScale
                0x80003fe0                ps_guMtxTrans
                0x80004014                ps_guMtxTransApply
                0x80004060                ps_guMtxApplyTrans
                0x800040dc                ps_guMtxRotTrig
                0x8000418c                __ps_guMtxRotAxisRadInternal
                0x8000424c                ps_guMtxReflect
                0x800042bc                ps_guVecAdd
                0x800042e0                ps_guVecSub
                0x80004304                ps_guVecScale
                0x80004320                ps_guVecNormalize
                0x80004364                ps_guVecCross
                0x800043a0                ps_guVecDotProduct
                0x800043c0                ps_guVecMultiply
                0x80004414                ps_guVecMultiplySR
                0x80004484                ps_guQuatDotProduct
 *fill*         0x800044a4       0x1c 00000000
 .text          0x800044c0      0x44c C:/devkitPro/libogc/lib/cube\libogc.a(lwp_handler.o)
                0x800044c0                _cpu_context_save_fp
                0x80004600                _cpu_context_restore_fp
                0x80004740                _cpu_context_switch
                0x80004820                _cpu_context_save
                0x800048a0                _cpu_context_restore
 .text          0x8000490c      0x1ac C:/devkitPro/libogc/lib/cube\libogc.a(irq_handler.o)
                0x8000490c                irq_exceptionhandler
 .text          0x80004ab8      0x1ac C:/devkitPro/libogc/lib/cube\libogc.a(decrementer_handler.o)
                0x80004ab8                dec_exceptionhandler
 .text          0x80004c64      0x35c C:/devkitPro/libogc/lib/cube\libogc.a(exception_handler.o)
                0x80004c64                exceptionhandler_start
                0x80004ce0                exceptionhandler_patch
                0x80004d14                exceptionhandler_end
                0x80004d18                default_exceptionhandler
                0x80004e48                fpu_exceptionhandler
                0x80004f90                systemcallhandler_start
                0x80004fbc                systemcallhandler_end
 .text          0x80004fc0       0x48 c:/devkitpro/devkitppc/bin/../lib/gcc/powerpc-eabi/6.3.0\libgcc.a(eabi.o)
                0x80004fc0                __eabi
 *(.text.*)
 .text.deregister_tm_clones
                0x80005008       0x38 c:/devkitpro/devkitppc/bin/../lib/gcc/powerpc-eabi/6.3.0/crtbegin.o
 .text.register_tm_clones
                0x80005040       0x3c c:/devkitpro/devkitppc/bin/../lib/gcc/powerpc-eabi/6.3.0/crtbegin.o
 .text.__do_global_dtors_aux
                0x8000507c       0xd4 c:/devkitpro/devkitppc/bin/../lib/gcc/powerpc-eabi/6.3.0/crtbegin.o
 .text.frame_dummy
                0x80005150       0x74 c:/devkitpro/devkitppc/bin/../lib/gcc/powerpc-eabi/6.3.0/crtbegin.o
 .text.__crtmain
                0x800051c4       0x44 c:/devkitpro/devkitppc/bin/../lib/gcc/powerpc-eabi/6.3.0/../../../../powerpc-eabi/lib/crtmain.o
                0x800051c8                __crtmain
 .text.drawQuad
                0x80005208      0x308 tetris.o
                0x80005208                drawQuad
 .text.Rotate   0x80005510       0x74 tetris.o
                0x80005510                Rotate
 .text.DoesPieceFit
                0x80005584      0x158 tetris.o
                0x80005584                DoesPieceFit
 .text.startup.main
                0x800056dc      0xc08 tetris.o
                0x800056dc                main
 .text.mixCallback
                0x800062e4       0x74 C:/devkitPro/libogc/lib/cube\libmodplay.a(gcmodplay.o)
 .text.player   0x80006358       0x98 C:/devkitPro/libogc/lib/cube\libmodplay.a(gcmodplay.o)
 .text.__aesndvoicecallback
                0x800063f0       0x54 C:/devkitPro/libogc/lib/cube\libmodplay.a(gcmodplay.o)
 .text.SndBufStop.part.1
                0x80006444       0x44 C:/devkitPro/libogc/lib/cube\libmodplay.a(gcmodplay.o)
 .text.SndBufStart
                0x80006488      0x154 C:/devkitPro/libogc/lib/cube\libmodplay.a(gcmodplay.o)
 .text.updateWaveFormat
                0x800065dc      0x180 C:/devkitPro/libogc/lib/cube\libmodplay.a(gcmodplay.o)
 .text.MODPlay_Init
                0x8000675c       0xe4 C:/devkitPro/libogc/lib/cube\libmodplay.a(gcmodplay.o)
                0x8000675c                MODPlay_Init
 .text.MODPlay_Unload
                0x80006840       0x54 C:/devkitPro/libogc/lib/cube\libmodplay.a(gcmodplay.o)
                0x80006840                MODPlay_Unload
 .text.MODPlay_SetMOD
                0x80006894       0x88 C:/devkitPro/libogc/lib/cube\libmodplay.a(gcmodplay.o)
                0x80006894                MODPlay_SetMOD
 .text.MODPlay_Start
                0x8000691c       0x78 C:/devkitPro/libogc/lib/cube\libmodplay.a(gcmodplay.o)
                0x8000691c                MODPlay_Start
 .text.MOD_Free.part.0
                0x80006994       0x48 C:/devkitPro/libogc/lib/cube\libmodplay.a(modplay.o)
 .text.MOD_AllocSFXChannels
                0x800069dc       0x64 C:/devkitPro/libogc/lib/cube\libmodplay.a(modplay.o)
                0x800069dc                MOD_AllocSFXChannels
 .text.MOD_Free
                0x80006a40       0x18 C:/devkitPro/libogc/lib/cube\libmodplay.a(modplay.o)
                0x80006a40                MOD_Free
 .text.MOD_SetMOD
                0x80006a58      0x5c0 C:/devkitPro/libogc/lib/cube\libmodplay.a(modplay.o)
                0x80006a58                MOD_SetMOD
 .text.triggerNote
                0x80007018      0x144 C:/devkitPro/libogc/lib/cube\libmodplay.a(modplay.o)
                0x80007018                triggerNote
 .text.effect_handler
                0x8000715c      0x590 C:/devkitPro/libogc/lib/cube\libmodplay.a(modplay.o)
                0x8000715c                effect_handler
 .text.process  0x800076ec      0x6e8 C:/devkitPro/libogc/lib/cube\libmodplay.a(modplay.o)
                0x800076ec                process
 .text.MOD_Start
                0x80007dd4      0x324 C:/devkitPro/libogc/lib/cube\libmodplay.a(modplay.o)
                0x80007dd4                MOD_Start
 .text.MOD_Player
                0x800080f8      0x21c C:/devkitPro/libogc/lib/cube\libmodplay.a(modplay.o)
                0x800080f8                MOD_Player
 .text.mix_mono_16bit
                0x80008314      0xa28 C:/devkitPro/libogc/lib/cube\libmodplay.a(mixer.o)
                0x80008314                mix_mono_16bit
 .text.mix_stereo_16bit
                0x80008d3c      0x50c C:/devkitPro/libogc/lib/cube\libmodplay.a(mixer.o)
                0x80008d3c                mix_stereo_16bit
 .text.__aesndarqcallback
                0x80009248       0x24 C:/devkitPro/libogc/lib/cube\libaesnd.a(aesndlib.o)
 .text.__dsp_resumecallback
                0x8000926c        0x4 C:/devkitPro/libogc/lib/cube\libaesnd.a(aesndlib.o)
 .text.__dsp_donecallback
                0x80009270       0x14 C:/devkitPro/libogc/lib/cube\libaesnd.a(aesndlib.o)
 .text.__dsp_initcallback
                0x80009284       0x5c C:/devkitPro/libogc/lib/cube\libaesnd.a(aesndlib.o)
 .text.__aesndfillbuffer.constprop.2
                0x800092e0      0x10c C:/devkitPro/libogc/lib/cube\libaesnd.a(aesndlib.o)
 .text.__dsp_requestcallback
                0x800093ec      0x530 C:/devkitPro/libogc/lib/cube\libaesnd.a(aesndlib.o)
 .text.__audio_dma_callback
                0x8000991c      0x290 C:/devkitPro/libogc/lib/cube\libaesnd.a(aesndlib.o)
 .text.AESND_Init
                0x80009bac      0x260 C:/devkitPro/libogc/lib/cube\libaesnd.a(aesndlib.o)
                0x80009bac                AESND_Init
 .text.AESND_AllocateVoice
                0x80009e0c       0xec C:/devkitPro/libogc/lib/cube\libaesnd.a(aesndlib.o)
                0x80009e0c                AESND_AllocateVoice
 .text.AESND_SetVoiceBuffer
                0x80009ef8       0x48 C:/devkitPro/libogc/lib/cube\libaesnd.a(aesndlib.o)
                0x80009ef8                AESND_SetVoiceBuffer
 .text.AESND_SetVoiceFormat
                0x80009f40       0x84 C:/devkitPro/libogc/lib/cube\libaesnd.a(aesndlib.o)
                0x80009f40                AESND_SetVoiceFormat
 .text.AESND_SetVoiceVolume
                0x80009fc4       0x40 C:/devkitPro/libogc/lib/cube\libaesnd.a(aesndlib.o)
                0x80009fc4                AESND_SetVoiceVolume
 .text.AESND_SetVoiceFrequency
                0x8000a004       0xf0 C:/devkitPro/libogc/lib/cube\libaesnd.a(aesndlib.o)
                0x8000a004                AESND_SetVoiceFrequency
 .text.AESND_SetVoiceStream
                0x8000a0f4       0x74 C:/devkitPro/libogc/lib/cube\libaesnd.a(aesndlib.o)
                0x8000a0f4                AESND_SetVoiceStream
 .text.AESND_SetVoiceStop
                0x8000a168       0x74 C:/devkitPro/libogc/lib/cube\libaesnd.a(aesndlib.o)
                0x8000a168                AESND_SetVoiceStop
 .text.idle_func
                0x8000a1dc        0x4 C:/devkitPro/libogc/lib/cube\libogc.a(lwp.o)
 .text.__lwp_sysinit
                0x8000a1e0      0x118 C:/devkitPro/libogc/lib/cube\libogc.a(lwp.o)
                0x8000a1e0                __lwp_sysinit
 .text.LWP_CreateThread
                0x8000a2f8      0x1a4 C:/devkitPro/libogc/lib/cube\libogc.a(lwp.o)
                0x8000a2f8                LWP_CreateThread
 .text.LWP_SuspendThread
                0x8000a49c       0xb4 C:/devkitPro/libogc/lib/cube\libogc.a(lwp.o)
                0x8000a49c                LWP_SuspendThread
 .text.LWP_ResumeThread
                0x8000a550       0xb8 C:/devkitPro/libogc/lib/cube\libogc.a(lwp.o)
                0x8000a550                LWP_ResumeThread
 .text.LWP_GetSelf
                0x8000a608       0x28 C:/devkitPro/libogc/lib/cube\libogc.a(lwp.o)
                0x8000a608                LWP_GetSelf
 .text.LWP_JoinThread
                0x8000a630      0x154 C:/devkitPro/libogc/lib/cube\libogc.a(lwp.o)
                0x8000a630                LWP_JoinThread
 .text.LWP_InitQueue
                0x8000a784      0x14c C:/devkitPro/libogc/lib/cube\libogc.a(lwp.o)
                0x8000a784                LWP_InitQueue
 .text.LWP_ThreadSleep
                0x8000a8d0       0xfc C:/devkitPro/libogc/lib/cube\libogc.a(lwp.o)
                0x8000a8d0                LWP_ThreadSleep
 .text.LWP_ThreadBroadcast
                0x8000a9cc       0x8c C:/devkitPro/libogc/lib/cube\libogc.a(lwp.o)
                0x8000a9cc                LWP_ThreadBroadcast
 .text.LWP_ThreadSignal
                0x8000aa58       0x74 C:/devkitPro/libogc/lib/cube\libogc.a(lwp.o)
                0x8000aa58                LWP_ThreadSignal
 .text.__lwp_objmgr_initinfo
                0x8000aacc      0x1a4 C:/devkitPro/libogc/lib/cube\libogc.a(lwp_objmgr.o)
                0x8000aacc                __lwp_objmgr_initinfo
 .text.__lwp_objmgr_getisrdisable
                0x8000ac70       0x68 C:/devkitPro/libogc/lib/cube\libogc.a(lwp_objmgr.o)
                0x8000ac70                __lwp_objmgr_getisrdisable
 .text.__lwp_objmgr_getnoprotection
                0x8000acd8       0x24 C:/devkitPro/libogc/lib/cube\libogc.a(lwp_objmgr.o)
                0x8000acd8                __lwp_objmgr_getnoprotection
 .text.__lwp_objmgr_get
                0x8000acfc       0x70 C:/devkitPro/libogc/lib/cube\libogc.a(lwp_objmgr.o)
                0x8000acfc                __lwp_objmgr_get
 .text.__lwp_objmgr_allocate
                0x8000ad6c       0x78 C:/devkitPro/libogc/lib/cube\libogc.a(lwp_objmgr.o)
                0x8000ad6c                __lwp_objmgr_allocate
 .text.__lwp_objmgr_free
                0x8000ade4       0x60 C:/devkitPro/libogc/lib/cube\libogc.a(lwp_objmgr.o)
                0x8000ade4                __lwp_objmgr_free
 .text.__lwp_heap_init
                0x8000ae44       0xa8 C:/devkitPro/libogc/lib/cube\libogc.a(lwp_heap.o)
                0x8000ae44                __lwp_heap_init
 .text.__lwp_heap_allocate
                0x8000aeec      0x180 C:/devkitPro/libogc/lib/cube\libogc.a(lwp_heap.o)
                0x8000aeec                __lwp_heap_allocate
 .text.__lwp_heap_free
                0x8000b06c      0x1a0 C:/devkitPro/libogc/lib/cube\libogc.a(lwp_heap.o)
                0x8000b06c                __lwp_heap_free
 .text.__VIRetraceHandler
                0x8000b20c      0x228 C:/devkitPro/libogc/lib/cube\libogc.a(video.o)
 .text.VIDEO_Init
                0x8000b434      0x3f8 C:/devkitPro/libogc/lib/cube\libogc.a(video.o)
                0x8000b434                VIDEO_Init
 .text.VIDEO_Configure
                0x8000b82c      0x7d8 C:/devkitPro/libogc/lib/cube\libogc.a(video.o)
                0x8000b82c                VIDEO_Configure
 .text.VIDEO_WaitVSync
                0x8000c004       0x7c C:/devkitPro/libogc/lib/cube\libogc.a(video.o)
                0x8000c004                VIDEO_WaitVSync
 .text.VIDEO_SetFramebuffer
                0x8000c080      0x228 C:/devkitPro/libogc/lib/cube\libogc.a(video.o)
                0x8000c080                VIDEO_SetFramebuffer
 .text.VIDEO_SetNextFramebuffer
                0x8000c2a8      0x1d4 C:/devkitPro/libogc/lib/cube\libogc.a(video.o)
                0x8000c2a8                VIDEO_SetNextFramebuffer
 .text.VIDEO_Flush
                0x8000c47c      0x110 C:/devkitPro/libogc/lib/cube\libogc.a(video.o)
                0x8000c47c                VIDEO_Flush
 .text.VIDEO_SetBlack
                0x8000c58c      0x160 C:/devkitPro/libogc/lib/cube\libogc.a(video.o)
                0x8000c58c                VIDEO_SetBlack
 .text.VIDEO_GetCurrentTvMode
                0x8000c6ec       0x80 C:/devkitPro/libogc/lib/cube\libogc.a(video.o)
                0x8000c6ec                VIDEO_GetCurrentTvMode
 .text.VIDEO_GetPreferredMode
                0x8000c76c       0x94 C:/devkitPro/libogc/lib/cube\libogc.a(video.o)
                0x8000c76c                VIDEO_GetPreferredMode
 .text.VIDEO_GetCurrentLine
                0x8000c800       0xa4 C:/devkitPro/libogc/lib/cube\libogc.a(video.o)
                0x8000c800                VIDEO_GetCurrentLine
 .text.VIDEO_GetFrameBufferSize
                0x8000c8a4       0x30 C:/devkitPro/libogc/lib/cube\libogc.a(video.o)
                0x8000c8a4                VIDEO_GetFrameBufferSize
 .text.SPEC0_MakeStatus
                0x8000c8d4      0x108 C:/devkitPro/libogc/lib/cube\libogc.a(pad.o)
 .text.SPEC1_MakeStatus
                0x8000c9dc      0x108 C:/devkitPro/libogc/lib/cube\libogc.a(pad.o)
 .text.SPEC2_MakeStatus
                0x8000cae4      0x1bc C:/devkitPro/libogc/lib/cube\libogc.a(pad.o)
 .text.__pad_samplinghandler
                0x8000cca0        0x4 C:/devkitPro/libogc/lib/cube\libogc.a(pad.o)
 .text.__pad_doreset
                0x8000cca4       0x50 C:/devkitPro/libogc/lib/cube\libogc.a(pad.o)
 .text.__pad_updateorigin
                0x8000ccf4       0xa4 C:/devkitPro/libogc/lib/cube\libogc.a(pad.o)
 .text.__pad_disable
                0x8000cd98       0xc4 C:/devkitPro/libogc/lib/cube\libogc.a(pad.o)
 .text.__pad_enable
                0x8000ce5c       0x5c C:/devkitPro/libogc/lib/cube\libogc.a(pad.o)
 .text.__pad_typeandstatuscallback
                0x8000ceb8      0x158 C:/devkitPro/libogc/lib/cube\libogc.a(pad.o)
 .text.__pad_probecallback
                0x8000d010       0x48 C:/devkitPro/libogc/lib/cube\libogc.a(pad.o)
 .text.__pad_origincallback
                0x8000d058       0x38 C:/devkitPro/libogc/lib/cube\libogc.a(pad.o)
 .text.__pad_originupdatecallback
                0x8000d090       0x84 C:/devkitPro/libogc/lib/cube\libogc.a(pad.o)
 .text.__pad_receivecheckcallback
                0x8000d114       0x88 C:/devkitPro/libogc/lib/cube\libogc.a(pad.o)
 .text.PAD_SetSpec.part.3
                0x8000d19c       0x54 C:/devkitPro/libogc/lib/cube\libogc.a(pad.o)
 .text.__pad_onreset
                0x8000d1f0      0x100 C:/devkitPro/libogc/lib/cube\libogc.a(pad.o)
 .text.__PADDisableRecalibration
                0x8000d2f0       0x60 C:/devkitPro/libogc/lib/cube\libogc.a(pad.o)
                0x8000d2f0                __PADDisableRecalibration
 .text.PAD_Reset
                0x8000d350      0x104 C:/devkitPro/libogc/lib/cube\libogc.a(pad.o)
                0x8000d350                PAD_Reset
 .text.PAD_Read
                0x8000d454      0x2e8 C:/devkitPro/libogc/lib/cube\libogc.a(pad.o)
                0x8000d454                PAD_Read
 .text.PAD_Init
                0x8000d73c       0xd4 C:/devkitPro/libogc/lib/cube\libogc.a(pad.o)
                0x8000d73c                PAD_Init
 .text.PAD_ScanPads
                0x8000d810      0x130 C:/devkitPro/libogc/lib/cube\libogc.a(pad.o)
                0x8000d810                PAD_ScanPads
 .text.PAD_ButtonsDown
                0x8000d940       0x34 C:/devkitPro/libogc/lib/cube\libogc.a(pad.o)
                0x8000d940                PAD_ButtonsDown
 .text.PAD_ButtonsHeld
                0x8000d974       0x34 C:/devkitPro/libogc/lib/cube\libogc.a(pad.o)
                0x8000d974                PAD_ButtonsHeld
 .text.__ARQCallbackDummy
                0x8000d9a8        0x4 C:/devkitPro/libogc/lib/cube\libogc.a(arqueue.o)
 .text.__ARQServiceQueueLo
                0x8000d9ac       0xd8 C:/devkitPro/libogc/lib/cube\libogc.a(arqueue.o)
 .text.__ARInterruptServiceRoutine
                0x8000da84       0xfc C:/devkitPro/libogc/lib/cube\libogc.a(arqueue.o)
 .text.ARQ_Init
                0x8000db80       0xcc C:/devkitPro/libogc/lib/cube\libogc.a(arqueue.o)
                0x8000db80                ARQ_Init
 .text.ARQ_PostRequestAsync
                0x8000dc4c      0x160 C:/devkitPro/libogc/lib/cube\libogc.a(arqueue.o)
                0x8000dc4c                ARQ_PostRequestAsync
 .text.__reload
                0x8000ddac       0x14 C:/devkitPro/libogc/lib/cube\libogc.a(system.o)
                0x8000ddac                __reload
 .text.__call_resetfuncs
                0x8000ddc0       0xbc C:/devkitPro/libogc/lib/cube\libogc.a(system.o)
 .text.__MEMInterruptHandler
                0x8000de7c       0x14 C:/devkitPro/libogc/lib/cube\libogc.a(system.o)
 .text.__RSWHandler
                0x8000de90       0xcc C:/devkitPro/libogc/lib/cube\libogc.a(system.o)
 .text.__sram_write
                0x8000df5c      0x114 C:/devkitPro/libogc/lib/cube\libogc.a(system.o)
 .text.__unlocksram
                0x8000e070      0x150 C:/devkitPro/libogc/lib/cube\libogc.a(system.o)
 .text.__sram_writecallback
                0x8000e1c0       0x54 C:/devkitPro/libogc/lib/cube\libogc.a(system.o)
 .text.__mem_onreset
                0x8000e214       0x48 C:/devkitPro/libogc/lib/cube\libogc.a(system.o)
 .text.__sys_alarmhandler
                0x8000e25c       0xec C:/devkitPro/libogc/lib/cube\libogc.a(system.o)
 .text.__sram_read.constprop.10
                0x8000e348      0x124 C:/devkitPro/libogc/lib/cube\libogc.a(system.o)
 .text.__RSWDefaultHandler
                0x8000e46c        0x4 C:/devkitPro/libogc/lib/cube\libogc.a(system.o)
 .text.__SYS_LockSram
                0x8000e470       0x60 C:/devkitPro/libogc/lib/cube\libogc.a(system.o)
                0x8000e470                __SYS_LockSram
 .text.__SYS_UnlockSram
                0x8000e4d0        0x8 C:/devkitPro/libogc/lib/cube\libogc.a(system.o)
                0x8000e4d0                __SYS_UnlockSram
 .text.__SYS_PreInit
                0x8000e4d8        0x4 C:/devkitPro/libogc/lib/cube\libogc.a(system.o)
                0x8000e4d8                __SYS_PreInit
 .text.SYS_PreMain
                0x8000e4dc        0x4 C:/devkitPro/libogc/lib/cube\libogc.a(system.o)
                0x8000e4dc                SYS_PreMain
 .text.SYS_ResetButtonDown
                0x8000e4e0       0x18 C:/devkitPro/libogc/lib/cube\libogc.a(system.o)
                0x8000e4e0                SYS_ResetButtonDown
 .text.SYS_ResetSystem
                0x8000e4f8      0x2f0 C:/devkitPro/libogc/lib/cube\libogc.a(system.o)
                0x8000e4f8                SYS_ResetSystem
 .text.__libogc_exit
                0x8000e7e8       0x34 C:/devkitPro/libogc/lib/cube\libogc.a(system.o)
                0x8000e7e8                __libogc_exit
 .text.SYS_RegisterResetFunc
                0x8000e81c       0x80 C:/devkitPro/libogc/lib/cube\libogc.a(system.o)
                0x8000e81c                SYS_RegisterResetFunc
 .text.SYS_Init
                0x8000e89c      0x6c4 C:/devkitPro/libogc/lib/cube\libogc.a(system.o)
                0x8000e89c                SYS_Init
 .text.SYS_SetArena1Lo
                0x8000ef60       0x3c C:/devkitPro/libogc/lib/cube\libogc.a(system.o)
                0x8000ef60                SYS_SetArena1Lo
 .text.SYS_GetArena1Lo
                0x8000ef9c       0x3c C:/devkitPro/libogc/lib/cube\libogc.a(system.o)
                0x8000ef9c                SYS_GetArena1Lo
 .text.SYS_GetArena1Hi
                0x8000efd8       0x3c C:/devkitPro/libogc/lib/cube\libogc.a(system.o)
                0x8000efd8                SYS_GetArena1Hi
 .text.SYS_AllocateFramebuffer
                0x8000f014       0x28 C:/devkitPro/libogc/lib/cube\libogc.a(system.o)
                0x8000f014                SYS_AllocateFramebuffer
 .text.SYS_CreateAlarm
                0x8000f03c      0x10c C:/devkitPro/libogc/lib/cube\libogc.a(system.o)
                0x8000f03c                SYS_CreateAlarm
 .text.SYS_SetAlarm
                0x8000f148      0x1c0 C:/devkitPro/libogc/lib/cube\libogc.a(system.o)
                0x8000f148                SYS_SetAlarm
 .text.SYS_CancelAlarm
                0x8000f308       0xc0 C:/devkitPro/libogc/lib/cube\libogc.a(system.o)
                0x8000f308                SYS_CancelAlarm
 .text.SYS_SetWirelessID
                0x8000f3c8       0x90 C:/devkitPro/libogc/lib/cube\libogc.a(system.o)
                0x8000f3c8                SYS_SetWirelessID
 .text.SYS_GetWirelessID
                0x8000f458       0xa4 C:/devkitPro/libogc/lib/cube\libogc.a(system.o)
                0x8000f458                SYS_GetWirelessID
 .text.__lwp_cond_init
                0x8000f4fc       0x14 C:/devkitPro/libogc/lib/cube\libogc.a(cond.o)
                0x8000f4fc                __lwp_cond_init
 .text.__GXTokenInterruptHandler
                0x8000f510       0x68 C:/devkitPro/libogc/lib/cube\libogc.a(gx.o)
 .text.__GXDefTlutRegionCallback
                0x8000f578       0x18 C:/devkitPro/libogc/lib/cube\libogc.a(gx.o)
 .text.__SetSURegs
                0x8000f590       0x94 C:/devkitPro/libogc/lib/cube\libogc.a(gx.o)
 .text.__GXCPInterruptHandler
                0x8000f624      0x16c C:/devkitPro/libogc/lib/cube\libogc.a(gx.o)
 .text.__GXFinishInterruptHandler
                0x8000f790       0x58 C:/devkitPro/libogc/lib/cube\libogc.a(gx.o)
 .text.__GX_WaitAbort
                0x8000f7e8       0xa0 C:/devkitPro/libogc/lib/cube\libogc.a(gx.o)
 .text.__GX_CPGPLinkCheck.part.0
                0x8000f888       0x3c C:/devkitPro/libogc/lib/cube\libogc.a(gx.o)
 .text.GX_InitFifoBase.part.3
                0x8000f8c4       0x70 C:/devkitPro/libogc/lib/cube\libogc.a(gx.o)
 .text.GX_SetTexCoordGen2.part.5
                0x8000f934      0x2c8 C:/devkitPro/libogc/lib/cube\libogc.a(gx.o)
 .text.GX_SetTexCoordGen.part.6
                0x8000fbfc        0xc C:/devkitPro/libogc/lib/cube\libogc.a(gx.o)
 .text.__GXDefTexRegionCallback
                0x8000fc08       0x58 C:/devkitPro/libogc/lib/cube\libogc.a(gx.o)
 .text.__GX_SetDirtyState
                0x8000fc60      0x704 C:/devkitPro/libogc/lib/cube\libogc.a(gx.o)
 .text.GX_SetCPUFifo
                0x80010364      0x28c C:/devkitPro/libogc/lib/cube\libogc.a(gx.o)
                0x80010364                GX_SetCPUFifo
 .text.GX_SetGPFifo
                0x800105f0      0x2e0 C:/devkitPro/libogc/lib/cube\libogc.a(gx.o)
                0x800105f0                GX_SetGPFifo
 .text.GX_Flush
                0x800108d0       0x94 C:/devkitPro/libogc/lib/cube\libogc.a(gx.o)
                0x800108d0                GX_Flush
 .text.GX_AbortFrame
                0x80010964      0x1e4 C:/devkitPro/libogc/lib/cube\libogc.a(gx.o)
                0x80010964                GX_AbortFrame
 .text.__gx_onreset
                0x80010b48       0x38 C:/devkitPro/libogc/lib/cube\libogc.a(gx.o)
 .text.GX_DrawDone
                0x80010b80       0xc4 C:/devkitPro/libogc/lib/cube\libogc.a(gx.o)
                0x80010b80                GX_DrawDone
 .text.GX_SetViewport
                0x80010c44       0x78 C:/devkitPro/libogc/lib/cube\libogc.a(gx.o)
                0x80010c44                GX_SetViewport
 .text.GX_LoadProjectionMtx
                0x80010cbc       0xf0 C:/devkitPro/libogc/lib/cube\libogc.a(gx.o)
                0x80010cbc                GX_LoadProjectionMtx
 .text.GX_SetCopyClear
                0x80010dac       0x54 C:/devkitPro/libogc/lib/cube\libogc.a(gx.o)
                0x80010dac                GX_SetCopyClear
 .text.GX_SetDispCopyGamma
                0x80010e00       0x18 C:/devkitPro/libogc/lib/cube\libogc.a(gx.o)
                0x80010e00                GX_SetDispCopyGamma
 .text.GX_SetCopyFilter
                0x80010e18      0x290 C:/devkitPro/libogc/lib/cube\libogc.a(gx.o)
                0x80010e18                GX_SetCopyFilter
 .text.GX_SetDispCopyYScale
                0x800110a8      0x134 C:/devkitPro/libogc/lib/cube\libogc.a(gx.o)
                0x800110a8                GX_SetDispCopyYScale
 .text.GX_SetDispCopyDst
                0x800111dc       0x20 C:/devkitPro/libogc/lib/cube\libogc.a(gx.o)
                0x800111dc                GX_SetDispCopyDst
 .text.GX_SetDispCopySrc
                0x800111fc       0x38 C:/devkitPro/libogc/lib/cube\libogc.a(gx.o)
                0x800111fc                GX_SetDispCopySrc
 .text.GX_CopyDisp
                0x80011234      0x128 C:/devkitPro/libogc/lib/cube\libogc.a(gx.o)
                0x80011234                GX_CopyDisp
 .text.GX_SetVtxDesc
                0x8001135c      0x1c4 C:/devkitPro/libogc/lib/cube\libogc.a(gx.o)
                0x8001135c                GX_SetVtxDesc
 .text.GX_SetVtxAttrFmt
                0x80011520      0x46c C:/devkitPro/libogc/lib/cube\libogc.a(gx.o)
                0x80011520                GX_SetVtxAttrFmt
 .text.GX_Begin
                0x8001198c       0x58 C:/devkitPro/libogc/lib/cube\libogc.a(gx.o)
                0x8001198c                GX_Begin
 .text.GX_LoadPosMtxImm
                0x800119e4       0x50 C:/devkitPro/libogc/lib/cube\libogc.a(gx.o)
                0x800119e4                GX_LoadPosMtxImm
 .text.GX_LoadTexMtxImm
                0x80011a34       0xbc C:/devkitPro/libogc/lib/cube\libogc.a(gx.o)
                0x80011a34                GX_LoadTexMtxImm
 .text.GX_SetNumTexGens
                0x80011af0       0x30 C:/devkitPro/libogc/lib/cube\libogc.a(gx.o)
                0x80011af0                GX_SetNumTexGens
 .text.GX_SetZMode
                0x80011b20       0x44 C:/devkitPro/libogc/lib/cube\libogc.a(gx.o)
                0x80011b20                GX_SetZMode
 .text.GX_SetBlendMode
                0x80011b64       0xa8 C:/devkitPro/libogc/lib/cube\libogc.a(gx.o)
                0x80011b64                GX_SetBlendMode
 .text.GX_ClearVtxDesc
                0x80011c0c       0x38 C:/devkitPro/libogc/lib/cube\libogc.a(gx.o)
                0x80011c0c                GX_ClearVtxDesc
 .text.GX_SetTevColorOp
                0x80011c44       0x98 C:/devkitPro/libogc/lib/cube\libogc.a(gx.o)
                0x80011c44                GX_SetTevColorOp
 .text.GX_SetTevAlphaOp
                0x80011cdc       0x98 C:/devkitPro/libogc/lib/cube\libogc.a(gx.o)
                0x80011cdc                GX_SetTevAlphaOp
 .text.GX_SetTevOp
                0x80011d74      0x284 C:/devkitPro/libogc/lib/cube\libogc.a(gx.o)
                0x80011d74                GX_SetTevOp
 .text.GX_SetCullMode
                0x80011ff8       0x2c C:/devkitPro/libogc/lib/cube\libogc.a(gx.o)
                0x80011ff8                GX_SetCullMode
 .text.GX_SetScissor
                0x80012024       0x88 C:/devkitPro/libogc/lib/cube\libogc.a(gx.o)
                0x80012024                GX_SetScissor
 .text.GX_SetNumChans
                0x800120ac       0x28 C:/devkitPro/libogc/lib/cube\libogc.a(gx.o)
                0x800120ac                GX_SetNumChans
 .text.GX_SetTevOrder
                0x800120d4      0x188 C:/devkitPro/libogc/lib/cube\libogc.a(gx.o)
                0x800120d4                GX_SetTevOrder
 .text.GX_SetTevKColorSel
                0x8001225c       0x70 C:/devkitPro/libogc/lib/cube\libogc.a(gx.o)
                0x8001225c                GX_SetTevKColorSel
 .text.GX_SetTevKAlphaSel
                0x800122cc       0x70 C:/devkitPro/libogc/lib/cube\libogc.a(gx.o)
                0x800122cc                GX_SetTevKAlphaSel
 .text.GX_SetTevSwapModeTable
                0x8001233c       0x7c C:/devkitPro/libogc/lib/cube\libogc.a(gx.o)
                0x8001233c                GX_SetTevSwapModeTable
 .text.GX_SetFog
                0x800123b8      0x408 C:/devkitPro/libogc/lib/cube\libogc.a(gx.o)
                0x800123b8                GX_SetFog
 .text.GX_SetColorUpdate
                0x800127c0       0x30 C:/devkitPro/libogc/lib/cube\libogc.a(gx.o)
                0x800127c0                GX_SetColorUpdate
 .text.GX_SetPixelFmt
                0x800127f0       0xec C:/devkitPro/libogc/lib/cube\libogc.a(gx.o)
                0x800127f0                GX_SetPixelFmt
 .text.GX_SetFieldMode
                0x800128dc       0x5c C:/devkitPro/libogc/lib/cube\libogc.a(gx.o)
                0x800128dc                GX_SetFieldMode
 .text.GX_SetGPMetric
                0x80012938      0x704 C:/devkitPro/libogc/lib/cube\libogc.a(gx.o)
                0x80012938                GX_SetGPMetric
 .text.GX_Init  0x8001303c     0x110c C:/devkitPro/libogc/lib/cube\libogc.a(gx.o)
                0x8001303c                GX_Init
 .text.GX_GetYScaleFactor
                0x80014148      0x2c4 C:/devkitPro/libogc/lib/cube\libogc.a(gx.o)
                0x80014148                GX_GetYScaleFactor
 .text.guPerspective
                0x8001440c       0xe4 C:/devkitPro/libogc/lib/cube\libogc.a(gu.o)
                0x8001440c                guPerspective
 .text.guLookAt
                0x800144f0      0x13c C:/devkitPro/libogc/lib/cube\libogc.a(gu.o)
                0x800144f0                guLookAt
 .text.__AISHandler
                0x8001462c       0x68 C:/devkitPro/libogc/lib/cube\libogc.a(audio.o)
 .text.__AISRCINIT
                0x80014694      0x1c8 C:/devkitPro/libogc/lib/cube\libogc.a(audio.o)
 .text.__AIDHandler
                0x8001485c       0xd0 C:/devkitPro/libogc/lib/cube\libogc.a(audio.o)
 .text.AUDIO_Init
                0x8001492c      0x178 C:/devkitPro/libogc/lib/cube\libogc.a(audio.o)
                0x8001492c                AUDIO_Init
 .text.AUDIO_RegisterDMACallback
                0x80014aa4       0x44 C:/devkitPro/libogc/lib/cube\libogc.a(audio.o)
                0x80014aa4                AUDIO_RegisterDMACallback
 .text.AUDIO_InitDMA
                0x80014ae8       0x84 C:/devkitPro/libogc/lib/cube\libogc.a(audio.o)
                0x80014ae8                AUDIO_InitDMA
 .text.AUDIO_StartDMA
                0x80014b6c       0x18 C:/devkitPro/libogc/lib/cube\libogc.a(audio.o)
                0x80014b6c                AUDIO_StartDMA
 .text.AUDIO_StopDMA
                0x80014b84       0x18 C:/devkitPro/libogc/lib/cube\libogc.a(audio.o)
                0x80014b84                AUDIO_StopDMA
 .text.AUDIO_SetDSPSampleRate
                0x80014b9c       0xc4 C:/devkitPro/libogc/lib/cube\libogc.a(audio.o)
                0x80014b9c                AUDIO_SetDSPSampleRate
 .text.__decrementer_init
                0x80014c60        0x4 C:/devkitPro/libogc/lib/cube\libogc.a(decrementer.o)
                0x80014c60                __decrementer_init
 .text.c_decrementer_handler
                0x80014c64        0xc C:/devkitPro/libogc/lib/cube\libogc.a(decrementer.o)
                0x80014c64                c_decrementer_handler
 .text.__lwp_mqbox_init
                0x80014c70       0x14 C:/devkitPro/libogc/lib/cube\libogc.a(message.o)
                0x80014c70                __lwp_mqbox_init
 .text.__ARWriteDMA
                0x80014c84       0xb0 C:/devkitPro/libogc/lib/cube\libogc.a(aram.o)
 .text.__ARHandler
                0x80014d34       0x2c C:/devkitPro/libogc/lib/cube\libogc.a(aram.o)
 .text.__ARReadDMA.constprop.0
                0x80014d60       0xb8 C:/devkitPro/libogc/lib/cube\libogc.a(aram.o)
 .text.AR_RegisterCallback
                0x80014e18       0x44 C:/devkitPro/libogc/lib/cube\libogc.a(aram.o)
                0x80014e18                AR_RegisterCallback
 .text.AR_Init  0x80014e5c      0x3b0 C:/devkitPro/libogc/lib/cube\libogc.a(aram.o)
                0x80014e5c                AR_Init
 .text.AR_StartDMA
                0x8001520c       0xd8 C:/devkitPro/libogc/lib/cube\libogc.a(aram.o)
                0x8001520c                AR_StartDMA
 .text.AR_Alloc
                0x800152e4       0x64 C:/devkitPro/libogc/lib/cube\libogc.a(aram.o)
                0x800152e4                AR_Alloc
 .text.__dsp_exectask
                0x80015348      0x2e0 C:/devkitPro/libogc/lib/cube\libogc.a(dsp.o)
 .text.__dsp_inthandler
                0x80015628       0x2c C:/devkitPro/libogc/lib/cube\libogc.a(dsp.o)
 .text.__dsp_removetask
                0x80015654       0x74 C:/devkitPro/libogc/lib/cube\libogc.a(dsp.o)
 .text.__dsp_def_taskcb
                0x800156c8      0x42c C:/devkitPro/libogc/lib/cube\libogc.a(dsp.o)
 .text.DSP_Init
                0x80015af4       0xd0 C:/devkitPro/libogc/lib/cube\libogc.a(dsp.o)
                0x80015af4                DSP_Init
 .text.DSP_CheckMailTo
                0x80015bc4       0x14 C:/devkitPro/libogc/lib/cube\libogc.a(dsp.o)
                0x80015bc4                DSP_CheckMailTo
 .text.DSP_SendMailTo
                0x80015bd8       0x1c C:/devkitPro/libogc/lib/cube\libogc.a(dsp.o)
                0x80015bd8                DSP_SendMailTo
 .text.DSP_AddTask
                0x80015bf4      0x2fc C:/devkitPro/libogc/lib/cube\libogc.a(dsp.o)
                0x80015bf4                DSP_AddTask
 .text.__si_transfer
                0x80015ef0      0x180 C:/devkitPro/libogc/lib/cube\libogc.a(si.o)
 .text.__si_alarmhandler
                0x80016070       0xb4 C:/devkitPro/libogc/lib/cube\libogc.a(si.o)
 .text.__si_completetransfer
                0x80016124      0x1b8 C:/devkitPro/libogc/lib/cube\libogc.a(si.o)
 .text.__si_transfernext
                0x800162dc       0xe4 C:/devkitPro/libogc/lib/cube\libogc.a(si.o)
 .text.SI_Busy  0x800163c0       0x18 C:/devkitPro/libogc/lib/cube\libogc.a(si.o)
                0x800163c0                SI_Busy
 .text.SI_IsChanBusy
                0x800163d8       0x38 C:/devkitPro/libogc/lib/cube\libogc.a(si.o)
                0x800163d8                SI_IsChanBusy
 .text.SI_SetXY
                0x80016410       0x68 C:/devkitPro/libogc/lib/cube\libogc.a(si.o)
                0x80016410                SI_SetXY
 .text.SI_EnablePolling
                0x80016478       0x7c C:/devkitPro/libogc/lib/cube\libogc.a(si.o)
                0x80016478                SI_EnablePolling
 .text.SI_DisablePolling
                0x800164f4       0x5c C:/devkitPro/libogc/lib/cube\libogc.a(si.o)
                0x800164f4                SI_DisablePolling
 .text.SI_SetSamplingRate
                0x80016550       0xe8 C:/devkitPro/libogc/lib/cube\libogc.a(si.o)
                0x80016550                SI_SetSamplingRate
 .text.SI_RefreshSamplingRate
                0x80016638        0x8 C:/devkitPro/libogc/lib/cube\libogc.a(si.o)
                0x80016638                SI_RefreshSamplingRate
 .text.SI_GetStatus
                0x80016640       0x80 C:/devkitPro/libogc/lib/cube\libogc.a(si.o)
                0x80016640                SI_GetStatus
 .text.SI_GetResponseRaw
                0x800166c0       0x98 C:/devkitPro/libogc/lib/cube\libogc.a(si.o)
                0x800166c0                SI_GetResponseRaw
 .text.SI_GetResponse
                0x80016758       0xbc C:/devkitPro/libogc/lib/cube\libogc.a(si.o)
                0x80016758                SI_GetResponse
 .text.SI_SetCommand
                0x80016814       0x10 C:/devkitPro/libogc/lib/cube\libogc.a(si.o)
                0x80016814                SI_SetCommand
 .text.SI_Transfer
                0x80016824      0x26c C:/devkitPro/libogc/lib/cube\libogc.a(si.o)
                0x80016824                SI_Transfer
 .text.__si_gettypecallback
                0x80016a90      0x2b8 C:/devkitPro/libogc/lib/cube\libogc.a(si.o)
 .text.__si_interrupthandler
                0x80016d48      0x248 C:/devkitPro/libogc/lib/cube\libogc.a(si.o)
 .text.SI_GetType
                0x80016f90      0x1dc C:/devkitPro/libogc/lib/cube\libogc.a(si.o)
                0x80016f90                SI_GetType
 .text.SI_GetTypeAsync
                0x8001716c      0x140 C:/devkitPro/libogc/lib/cube\libogc.a(si.o)
                0x8001716c                SI_GetTypeAsync
 .text.SI_EnablePollingInterrupt
                0x800172ac       0xb0 C:/devkitPro/libogc/lib/cube\libogc.a(si.o)
                0x800172ac                SI_EnablePollingInterrupt
 .text.SI_UnregisterPollingHandler
                0x8001735c       0xec C:/devkitPro/libogc/lib/cube\libogc.a(si.o)
                0x8001735c                SI_UnregisterPollingHandler
 .text.__si_init
                0x80017448       0xf8 C:/devkitPro/libogc/lib/cube\libogc.a(si.o)
                0x80017448                __si_init
 .text.__time_exi_unlock
                0x80017540       0x28 C:/devkitPro/libogc/lib/cube\libogc.a(timesupp.o)
 .text.__getrtc
                0x80017568      0x110 C:/devkitPro/libogc/lib/cube\libogc.a(timesupp.o)
 .text.gettick  0x80017678        0x8 C:/devkitPro/libogc/lib/cube\libogc.a(timesupp.o)
                0x80017678                gettick
 .text.gettime  0x80017680       0x18 C:/devkitPro/libogc/lib/cube\libogc.a(timesupp.o)
                0x80017680                gettime
 .text.diff_usec
                0x80017698       0x94 C:/devkitPro/libogc/lib/cube\libogc.a(timesupp.o)
                0x80017698                diff_usec
 .text.__timesystem_init
                0x8001772c       0x1c C:/devkitPro/libogc/lib/cube\libogc.a(timesupp.o)
                0x8001772c                __timesystem_init
 .text.udelay   0x80017748       0xb4 C:/devkitPro/libogc/lib/cube\libogc.a(timesupp.o)
                0x80017748                udelay
 .text.nanosleep
                0x800177fc      0x13c C:/devkitPro/libogc/lib/cube\libogc.a(timesupp.o)
                0x800177fc                nanosleep
 .text.time     0x80017938      0x108 C:/devkitPro/libogc/lib/cube\libogc.a(timesupp.o)
                0x80017938                time
 .text.usleep   0x80017a40       0x54 C:/devkitPro/libogc/lib/cube\libogc.a(timesupp.o)
                0x80017a40                usleep
 .text.__libogc_gettod_r
                0x80017a94       0x88 C:/devkitPro/libogc/lib/cube\libogc.a(timesupp.o)
                0x80017a94                __libogc_gettod_r
 .text.__libogc_lock_init
                0x80017b1c       0x64 C:/devkitPro/libogc/lib/cube\libogc.a(lock_supp.o)
                0x80017b1c                __libogc_lock_init
 .text.__libogc_lock_close
                0x80017b80       0x50 C:/devkitPro/libogc/lib/cube\libogc.a(lock_supp.o)
                0x80017b80                __libogc_lock_close
 .text.__libogc_lock_acquire
                0x80017bd0       0x20 C:/devkitPro/libogc/lib/cube\libogc.a(lock_supp.o)
                0x80017bd0                __libogc_lock_acquire
 .text.__libogc_lock_release
                0x80017bf0       0x20 C:/devkitPro/libogc/lib/cube\libogc.a(lock_supp.o)
                0x80017bf0                __libogc_lock_release
 .text.__libc_create_hook
                0x80017c10       0x10 C:/devkitPro/libogc/lib/cube\libogc.a(newlibc.o)
                0x80017c10                __libc_create_hook
 .text.__libc_start_hook
                0x80017c20       0xa8 C:/devkitPro/libogc/lib/cube\libogc.a(newlibc.o)
                0x80017c20                __libc_start_hook
 .text.__libc_delete_hook
                0x80017cc8      0x124 C:/devkitPro/libogc/lib/cube\libogc.a(newlibc.o)
                0x80017cc8                __libc_delete_hook
 .text.__libc_init
                0x80017dec       0xc0 C:/devkitPro/libogc/lib/cube\libogc.a(newlibc.o)
                0x80017dec                __libc_init
 .text.__libogc_sbrk_r
                0x80017eac       0xe8 C:/devkitPro/libogc/lib/cube\libogc.a(sbrk.o)
                0x80017eac                __libogc_sbrk_r
 .text.__memlock_init
                0x80017f94       0x7c C:/devkitPro/libogc/lib/cube\libogc.a(malloc_lock.o)
                0x80017f94                __memlock_init
 .text.__libogc_malloc_lock
                0x80018010      0x1f8 C:/devkitPro/libogc/lib/cube\libogc.a(malloc_lock.o)
                0x80018010                __libogc_malloc_lock
 .text.__libogc_malloc_unlock
                0x80018208       0x64 C:/devkitPro/libogc/lib/cube\libogc.a(malloc_lock.o)
                0x80018208                __libogc_malloc_unlock
 .text.__CheckARGV
                0x8001826c       0x7c C:/devkitPro/libogc/lib/cube\libogc.a(argv.o)
                0x8001826c                __CheckARGV
 .text.__lwp_priority_init
                0x800182e8       0x28 C:/devkitPro/libogc/lib/cube\libogc.a(lwp_priority.o)
                0x800182e8                __lwp_priority_init
 .text.__lwp_queue_initialize
                0x80018310       0x54 C:/devkitPro/libogc/lib/cube\libogc.a(lwp_queue.o)
                0x80018310                __lwp_queue_initialize
 .text.__lwp_queue_get
                0x80018364       0x64 C:/devkitPro/libogc/lib/cube\libogc.a(lwp_queue.o)
                0x80018364                __lwp_queue_get
 .text.__lwp_queue_append
                0x800183c8       0x50 C:/devkitPro/libogc/lib/cube\libogc.a(lwp_queue.o)
                0x800183c8                __lwp_queue_append
 .text.__lwp_threadqueue_enqueuefifo
                0x80018418      0x160 C:/devkitPro/libogc/lib/cube\libogc.a(lwp_threadq.o)
                0x80018418                __lwp_threadqueue_enqueuefifo
 .text.__lwp_threadqueue_dequeuefifo
                0x80018578      0x12c C:/devkitPro/libogc/lib/cube\libogc.a(lwp_threadq.o)
                0x80018578                __lwp_threadqueue_dequeuefifo
 .text.__lwp_threadqueue_enqueuepriority
                0x800186a4      0x3e8 C:/devkitPro/libogc/lib/cube\libogc.a(lwp_threadq.o)
                0x800186a4                __lwp_threadqueue_enqueuepriority
 .text.__lwp_threadqueue_dequeuepriority
                0x80018a8c      0x1c4 C:/devkitPro/libogc/lib/cube\libogc.a(lwp_threadq.o)
                0x80018a8c                __lwp_threadqueue_dequeuepriority
 .text.__lwp_threadqueue_init
                0x80018c50       0x68 C:/devkitPro/libogc/lib/cube\libogc.a(lwp_threadq.o)
                0x80018c50                __lwp_threadqueue_init
 .text.__lwp_threadqueue_enqueue
                0x80018cb8      0x138 C:/devkitPro/libogc/lib/cube\libogc.a(lwp_threadq.o)
                0x80018cb8                __lwp_threadqueue_enqueue
 .text.__lwp_threadqueue_dequeue
                0x80018df0       0x24 C:/devkitPro/libogc/lib/cube\libogc.a(lwp_threadq.o)
                0x80018df0                __lwp_threadqueue_dequeue
 .text.__lwp_threadqueue_flush
                0x80018e14       0x4c C:/devkitPro/libogc/lib/cube\libogc.a(lwp_threadq.o)
                0x80018e14                __lwp_threadqueue_flush
 .text.__lwp_threadqueue_extractfifo
                0x80018e60       0xd8 C:/devkitPro/libogc/lib/cube\libogc.a(lwp_threadq.o)
                0x80018e60                __lwp_threadqueue_extractfifo
 .text.__lwp_threadqueue_extractpriority
                0x80018f38      0x140 C:/devkitPro/libogc/lib/cube\libogc.a(lwp_threadq.o)
                0x80018f38                __lwp_threadqueue_extractpriority
 .text.__lwp_threadqueue_extract
                0x80019078       0x20 C:/devkitPro/libogc/lib/cube\libogc.a(lwp_threadq.o)
                0x80019078                __lwp_threadqueue_extract
 .text.__lwp_threadqueue_timeout
                0x80019098       0x84 C:/devkitPro/libogc/lib/cube\libogc.a(lwp_threadq.o)
 .text.__lwp_threadqueue_extractproxy
                0x8001911c       0x44 C:/devkitPro/libogc/lib/cube\libogc.a(lwp_threadq.o)
                0x8001911c                __lwp_threadqueue_extractproxy
 .text.__lwp_isr_in_progress
                0x80019160        0x8 C:/devkitPro/libogc/lib/cube\libogc.a(lwp_threads.o)
                0x80019160                __lwp_isr_in_progress
 .text.__thread_dispatch_fp
                0x80019168       0x90 C:/devkitPro/libogc/lib/cube\libogc.a(lwp_threads.o)
                0x80019168                __thread_dispatch_fp
 .text.__thread_dispatch
                0x800191f8      0x11c C:/devkitPro/libogc/lib/cube\libogc.a(lwp_threads.o)
                0x800191f8                __thread_dispatch
 .text.__lwp_thread_resettimeslice
                0x80019314       0xf0 C:/devkitPro/libogc/lib/cube\libogc.a(lwp_threads.o)
                0x80019314                __lwp_thread_resettimeslice
 .text.__lwp_thread_tickle_timeslice
                0x80019404       0xcc C:/devkitPro/libogc/lib/cube\libogc.a(lwp_threads.o)
                0x80019404                __lwp_thread_tickle_timeslice
 .text.__lwp_thread_setstate
                0x800194d0      0x158 C:/devkitPro/libogc/lib/cube\libogc.a(lwp_threads.o)
                0x800194d0                __lwp_thread_setstate
 .text.__lwp_thread_clearstate
                0x80019628       0xf0 C:/devkitPro/libogc/lib/cube\libogc.a(lwp_threads.o)
                0x80019628                __lwp_thread_clearstate
 .text.__lwp_thread_delayended
                0x80019718       0x48 C:/devkitPro/libogc/lib/cube\libogc.a(lwp_threads.o)
                0x80019718                __lwp_thread_delayended
 .text.__lwp_thread_suspend
                0x80019760      0x168 C:/devkitPro/libogc/lib/cube\libogc.a(lwp_threads.o)
                0x80019760                __lwp_thread_suspend
 .text.__lwp_thread_settransient
                0x800198c8       0xbc C:/devkitPro/libogc/lib/cube\libogc.a(lwp_threads.o)
                0x800198c8                __lwp_thread_settransient
 .text.__lwp_thread_changepriority
                0x80019984      0x1fc C:/devkitPro/libogc/lib/cube\libogc.a(lwp_threads.o)
                0x80019984                __lwp_thread_changepriority
 .text.__lwp_thread_resume
                0x80019b80      0x130 C:/devkitPro/libogc/lib/cube\libogc.a(lwp_threads.o)
                0x80019b80                __lwp_thread_resume
 .text.__lwp_thread_ready
                0x80019cb0       0xf8 C:/devkitPro/libogc/lib/cube\libogc.a(lwp_threads.o)
                0x80019cb0                __lwp_thread_ready
 .text.__lwp_thread_init
                0x80019da8      0x16c C:/devkitPro/libogc/lib/cube\libogc.a(lwp_threads.o)
                0x80019da8                __lwp_thread_init
 .text.__lwp_thread_close
                0x80019f14      0x138 C:/devkitPro/libogc/lib/cube\libogc.a(lwp_threads.o)
                0x80019f14                __lwp_thread_close
 .text.__lwp_thread_closeall
                0x8001a04c       0xc0 C:/devkitPro/libogc/lib/cube\libogc.a(lwp_threads.o)
                0x8001a04c                __lwp_thread_closeall
 .text.__lwp_thread_exit
                0x8001a10c       0x5c C:/devkitPro/libogc/lib/cube\libogc.a(lwp_threads.o)
                0x8001a10c                __lwp_thread_exit
 .text.__lwp_thread_handler
                0x8001a168       0x74 C:/devkitPro/libogc/lib/cube\libogc.a(lwp_threads.o)
 .text.__lwp_thread_start
                0x8001a1dc       0xcc C:/devkitPro/libogc/lib/cube\libogc.a(lwp_threads.o)
                0x8001a1dc                __lwp_thread_start
 .text.__lwp_thread_startmultitasking
                0x8001a2a8       0xb0 C:/devkitPro/libogc/lib/cube\libogc.a(lwp_threads.o)
                0x8001a2a8                __lwp_thread_startmultitasking
 .text.__lwp_thread_stopmultitasking
                0x8001a358       0x58 C:/devkitPro/libogc/lib/cube\libogc.a(lwp_threads.o)
                0x8001a358                __lwp_thread_stopmultitasking
 .text.__lwp_thread_coreinit
                0x8001a3b0       0xb0 C:/devkitPro/libogc/lib/cube\libogc.a(lwp_threads.o)
                0x8001a3b0                __lwp_thread_coreinit
 .text.__lwp_stack_allocate
                0x8001a460       0x84 C:/devkitPro/libogc/lib/cube\libogc.a(lwp_stack.o)
                0x8001a460                __lwp_stack_allocate
 .text.__lwp_stack_free
                0x8001a4e4       0x1c C:/devkitPro/libogc/lib/cube\libogc.a(lwp_stack.o)
                0x8001a4e4                __lwp_stack_free
 .text.__lwp_mutex_initialize
                0x8001a500       0xa4 C:/devkitPro/libogc/lib/cube\libogc.a(lwp_mutex.o)
                0x8001a500                __lwp_mutex_initialize
 .text.__lwp_mutex_surrender
                0x8001a5a4      0x150 C:/devkitPro/libogc/lib/cube\libogc.a(lwp_mutex.o)
                0x8001a5a4                __lwp_mutex_surrender
 .text.__lwp_mutex_seize_irq_blocking
                0x8001a6f4      0x104 C:/devkitPro/libogc/lib/cube\libogc.a(lwp_mutex.o)
                0x8001a6f4                __lwp_mutex_seize_irq_blocking
 .text.__lwp_mutex_flush
                0x8001a7f8        0x4 C:/devkitPro/libogc/lib/cube\libogc.a(lwp_mutex.o)
                0x8001a7f8                __lwp_mutex_flush
 .text.__lwp_wd_settimer.isra.3
                0x8001a7fc       0xd0 C:/devkitPro/libogc/lib/cube\libogc.a(lwp_watchdog.o)
 .text.__lwp_watchdog_init
                0x8001a8cc       0x2c C:/devkitPro/libogc/lib/cube\libogc.a(lwp_watchdog.o)
                0x8001a8cc                __lwp_watchdog_init
 .text.__lwp_wd_insert
                0x8001a8f8      0x1e8 C:/devkitPro/libogc/lib/cube\libogc.a(lwp_watchdog.o)
                0x8001a8f8                __lwp_wd_insert
 .text.__lwp_wd_remove
                0x8001aae0      0x100 C:/devkitPro/libogc/lib/cube\libogc.a(lwp_watchdog.o)
                0x8001aae0                __lwp_wd_remove
 .text.__lwp_wd_tickle
                0x8001abe0      0x11c C:/devkitPro/libogc/lib/cube\libogc.a(lwp_watchdog.o)
                0x8001abe0                __lwp_wd_tickle
 .text.__lwp_wkspace_init
                0x8001acfc       0xc8 C:/devkitPro/libogc/lib/cube\libogc.a(lwp_wkspace.o)
                0x8001acfc                __lwp_wkspace_init
 .text.__exception_load
                0x8001adc4       0xa4 C:/devkitPro/libogc/lib/cube\libogc.a(exception.o)
                0x8001adc4                __exception_load
 .text.__systemcall_init
                0x8001ae68       0x20 C:/devkitPro/libogc/lib/cube\libogc.a(exception.o)
                0x8001ae68                __systemcall_init
 .text.__exception_init
                0x8001ae88       0xd8 C:/devkitPro/libogc/lib/cube\libogc.a(exception.o)
                0x8001ae88                __exception_init
 .text.__exception_close
                0x8001af60       0xb0 C:/devkitPro/libogc/lib/cube\libogc.a(exception.o)
                0x8001af60                __exception_close
 .text.__exception_closeall
                0x8001b010       0x54 C:/devkitPro/libogc/lib/cube\libogc.a(exception.o)
                0x8001b010                __exception_closeall
 .text.c_default_exceptionhandler
                0x8001b064      0x450 C:/devkitPro/libogc/lib/cube\libogc.a(exception.o)
                0x8001b064                c_default_exceptionhandler
 .text.__SetInterrupts
                0x8001b4b4      0x294 C:/devkitPro/libogc/lib/cube\libogc.a(irq.o)
 .text.c_irqdispatcher
                0x8001b748      0x278 C:/devkitPro/libogc/lib/cube\libogc.a(irq.o)
                0x8001b748                c_irqdispatcher
 .text.__UnmaskIrq
                0x8001b9c0       0x8c C:/devkitPro/libogc/lib/cube\libogc.a(irq.o)
                0x8001b9c0                __UnmaskIrq
 .text.__MaskIrq
                0x8001ba4c       0x8c C:/devkitPro/libogc/lib/cube\libogc.a(irq.o)
                0x8001ba4c                __MaskIrq
 .text.__irq_init
                0x8001bad8       0x98 C:/devkitPro/libogc/lib/cube\libogc.a(irq.o)
                0x8001bad8                __irq_init
 .text.IRQ_Request
                0x8001bb70       0x54 C:/devkitPro/libogc/lib/cube\libogc.a(irq.o)
                0x8001bb70                IRQ_Request
 .text.IRQ_GetHandler
                0x8001bbc4       0x48 C:/devkitPro/libogc/lib/cube\libogc.a(irq.o)
                0x8001bbc4                IRQ_GetHandler
 .text.__lwp_sema_init
                0x8001bc0c       0x14 C:/devkitPro/libogc/lib/cube\libogc.a(semaphore.o)
                0x8001bc0c                __lwp_sema_init
 .text.__exi_irq_handler
                0x8001bc20       0x58 C:/devkitPro/libogc/lib/cube\libogc.a(exi.o)
 .text.__ext_irq_handler
                0x8001bc78       0xcc C:/devkitPro/libogc/lib/cube\libogc.a(exi.o)
 .text.__tc_irq_handler
                0x8001bd44      0x140 C:/devkitPro/libogc/lib/cube\libogc.a(exi.o)
 .text.__exi_probe
                0x8001be84      0x23c C:/devkitPro/libogc/lib/cube\libogc.a(exi.o)
 .text.__exi_attach
                0x8001c0c0       0xf8 C:/devkitPro/libogc/lib/cube\libogc.a(exi.o)
 .text.EXI_Lock
                0x8001c1b8      0x1fc C:/devkitPro/libogc/lib/cube\libogc.a(exi.o)
                0x8001c1b8                EXI_Lock
 .text.EXI_Unlock
                0x8001c3b4      0x23c C:/devkitPro/libogc/lib/cube\libogc.a(exi.o)
                0x8001c3b4                EXI_Unlock
 .text.EXI_Select
                0x8001c5f0      0x1b4 C:/devkitPro/libogc/lib/cube\libogc.a(exi.o)
                0x8001c5f0                EXI_Select
 .text.EXI_Deselect
                0x8001c7a4      0x150 C:/devkitPro/libogc/lib/cube\libogc.a(exi.o)
                0x8001c7a4                EXI_Deselect
 .text.EXI_Sync
                0x8001c8f4       0xdc C:/devkitPro/libogc/lib/cube\libogc.a(exi.o)
                0x8001c8f4                EXI_Sync
 .text.EXI_Imm  0x8001c9d0      0x1dc C:/devkitPro/libogc/lib/cube\libogc.a(exi.o)
                0x8001c9d0                EXI_Imm
 .text.EXI_ImmEx
                0x8001cbac       0xd4 C:/devkitPro/libogc/lib/cube\libogc.a(exi.o)
                0x8001cbac                EXI_ImmEx
 .text.EXI_Dma  0x8001cc80      0x184 C:/devkitPro/libogc/lib/cube\libogc.a(exi.o)
                0x8001cc80                EXI_Dma
 .text.EXI_Detach
                0x8001ce04       0xe8 C:/devkitPro/libogc/lib/cube\libogc.a(exi.o)
                0x8001ce04                EXI_Detach
 .text.EXI_GetID
                0x8001ceec      0x2ac C:/devkitPro/libogc/lib/cube\libogc.a(exi.o)
                0x8001ceec                EXI_GetID
 .text.__unlocked_handler
                0x8001d198       0x28 C:/devkitPro/libogc/lib/cube\libogc.a(exi.o)
 .text.EXI_ProbeReset
                0x8001d1c0       0x70 C:/devkitPro/libogc/lib/cube\libogc.a(exi.o)
                0x8001d1c0                EXI_ProbeReset
 .text.__exi_init
                0x8001d230      0x184 C:/devkitPro/libogc/lib/cube\libogc.a(exi.o)
                0x8001d230                __exi_init
 .text.__lwp_mutex_locksupp.constprop.8
                0x8001d3b4      0x290 C:/devkitPro/libogc/lib/cube\libogc.a(mutex.o)
 .text.__lwp_mutex_init
                0x8001d644       0x14 C:/devkitPro/libogc/lib/cube\libogc.a(mutex.o)
                0x8001d644                __lwp_mutex_init
 .text.LWP_MutexInit
                0x8001d658       0xf0 C:/devkitPro/libogc/lib/cube\libogc.a(mutex.o)
                0x8001d658                LWP_MutexInit
 .text.LWP_MutexDestroy
                0x8001d748      0x108 C:/devkitPro/libogc/lib/cube\libogc.a(mutex.o)
                0x8001d748                LWP_MutexDestroy
 .text.LWP_MutexLock
                0x8001d850        0x8 C:/devkitPro/libogc/lib/cube\libogc.a(mutex.o)
                0x8001d850                LWP_MutexLock
 .text.LWP_MutexUnlock
                0x8001d858       0x90 C:/devkitPro/libogc/lib/cube\libogc.a(mutex.o)
                0x8001d858                LWP_MutexUnlock
 .text.number   0x8001d8e8      0x2d8 C:/devkitPro/libogc/lib/cube\libogc.a(kprintf.o)
 .text.kvsprintf
                0x8001dbc0      0x70c C:/devkitPro/libogc/lib/cube\libogc.a(kprintf.o)
                0x8001dbc0                kvsprintf
 .text.kprintf  0x8001e2cc       0xac C:/devkitPro/libogc/lib/cube\libogc.a(kprintf.o)
                0x8001e2cc                kprintf
 .text.__console_clear_line
                0x8001e378       0x84 C:/devkitPro/libogc/lib/cube\libogc.a(console.o)
 .text.__console_clear
                0x8001e3fc       0x54 C:/devkitPro/libogc/lib/cube\libogc.a(console.o)
 .text.__console_write
                0x8001e450      0x724 C:/devkitPro/libogc/lib/cube\libogc.a(console.o)
                0x8001e450                __console_write
 .text.__console_init
                0x8001eb74      0x10c C:/devkitPro/libogc/lib/cube\libogc.a(console.o)
                0x8001eb74                __console_init
 .text.CON_EnableGecko
                0x8001ec80       0xe8 C:/devkitPro/libogc/lib/cube\libogc.a(console.o)
                0x8001ec80                CON_EnableGecko
 .text.__usbgecko_exi_unlock
                0x8001ed68       0x30 C:/devkitPro/libogc/lib/cube\libogc.a(usbgecko.o)
 .text.__usb_sendbyte
                0x8001ed98       0xdc C:/devkitPro/libogc/lib/cube\libogc.a(usbgecko.o)
 .text.__usb_checksend
                0x8001ee74       0xd4 C:/devkitPro/libogc/lib/cube\libogc.a(usbgecko.o)
                0x8001ee74                __usb_checksend
 .text.usb_isgeckoalive
                0x8001ef48      0x1e0 C:/devkitPro/libogc/lib/cube\libogc.a(usbgecko.o)
                0x8001ef48                usb_isgeckoalive
 .text.usb_sendbuffer_ex
                0x8001f128      0x194 C:/devkitPro/libogc/lib/cube\libogc.a(usbgecko.o)
                0x8001f128                usb_sendbuffer_ex
 .text.usb_sendbuffer
                0x8001f2bc        0x8 C:/devkitPro/libogc/lib/cube\libogc.a(usbgecko.o)
                0x8001f2bc                usb_sendbuffer
 .text.usb_sendbuffer_safe_ex
                0x8001f2c4      0x1a8 C:/devkitPro/libogc/lib/cube\libogc.a(usbgecko.o)
                0x8001f2c4                usb_sendbuffer_safe_ex